Archive member included to satisfy reference by file (symbol)

C:/Program Files/SEGGER/SEGGER Embedded Studio for ARM 4.22/lib/libc_v7em_fpv4_sp_d16_hard_t_le_eabi.a(libc2.o)
                              Output/ble_app_blinky_pca10040_s132 Release/Obj/nrf_log_str_formatter.o (isprint)
C:/Program Files/SEGGER/SEGGER Embedded Studio for ARM 4.22/lib/libc_v7em_fpv4_sp_d16_hard_t_le_eabi.a(libc2_asm.o)
                              Output/ble_app_blinky_pca10040_s132 Release/Obj/nrf_log_frontend.o (memcpy)
C:/Program Files/SEGGER/SEGGER Embedded Studio for ARM 4.22/lib/libc_v7em_fpv4_sp_d16_hard_t_le_eabi.a(libc.o)
                              C:/Program Files/SEGGER/SEGGER Embedded Studio for ARM 4.22/lib/libc_v7em_fpv4_sp_d16_hard_t_le_eabi.a(libc2.o) (__heap_lock)
C:/Program Files/SEGGER/SEGGER Embedded Studio for ARM 4.22/lib/libc_v7em_fpv4_sp_d16_hard_t_le_eabi.a(libc_asm.o)
                              C:/Program Files/SEGGER/SEGGER Embedded Studio for ARM 4.22/lib/libc_v7em_fpv4_sp_d16_hard_t_le_eabi.a(libc2.o) (__aeabi_uldivmod)
C:/Program Files/SEGGER/SEGGER Embedded Studio for ARM 4.22/lib/libdebugio_v7em_fpv4_sp_d16_hard_t_le_eabi.a(libdebugio.o)
                              Output/ble_app_blinky_pca10040_s132 Release/Obj/thumb_crt0.o (debug_fopen)
C:/Program Files/SEGGER/SEGGER Embedded Studio for ARM 4.22/lib/libdebugio_mempoll_v7em_fpv4_sp_d16_hard_t_le_eabi.a(mempoll_debug_operations.o)
                              C:/Program Files/SEGGER/SEGGER Embedded Studio for ARM 4.22/lib/libdebugio_v7em_fpv4_sp_d16_hard_t_le_eabi.a(libdebugio.o) (__do_debug_operation)
C:/Program Files/SEGGER/SEGGER Embedded Studio for ARM 4.22/lib/libdebugio_mempoll_v7em_fpv4_sp_d16_hard_t_le_eabi.a(do_nv_debug_operation.o)
                              C:/Program Files/SEGGER/SEGGER Embedded Studio for ARM 4.22/lib/libdebugio_v7em_fpv4_sp_d16_hard_t_le_eabi.a(libdebugio.o) (__do_nvdebug_operation)
C:/Program Files/SEGGER/SEGGER Embedded Studio for ARM 4.22/lib/libm_v7em_fpv4_sp_d16_hard_t_le_eabi.a(libm_asm.o)
                              C:/Program Files/SEGGER/SEGGER Embedded Studio for ARM 4.22/lib/libc_v7em_fpv4_sp_d16_hard_t_le_eabi.a(libc2.o) (__aeabi_i2d)
C:/Program Files/SEGGER/SEGGER Embedded Studio for ARM 4.22/lib/libm_v7em_fpv4_sp_d16_hard_t_le_eabi.a(libm2.o)
                              C:/Program Files/SEGGER/SEGGER Embedded Studio for ARM 4.22/lib/libvfprintf_v7em_fpv4_sp_d16_hard_t_le_eabi.o (frexp)
C:/Program Files/SEGGER/SEGGER Embedded Studio for ARM 4.22/lib/libm_v7em_fpv4_sp_d16_hard_t_le_eabi.a(libm2_asm.o)
                              C:/Program Files/SEGGER/SEGGER Embedded Studio for ARM 4.22/lib/libm_v7em_fpv4_sp_d16_hard_t_le_eabi.a(libm2.o) (fabs)

Discarded input sections

 .text          0x0000000000000000        0x0 Output/ble_app_blinky_pca10040_s132 Release/Obj/thumb_crt0.o
 .data          0x0000000000000000        0x0 Output/ble_app_blinky_pca10040_s132 Release/Obj/thumb_crt0.o
 .bss           0x0000000000000000        0x0 Output/ble_app_blinky_pca10040_s132 Release/Obj/thumb_crt0.o
 .text.__aeabi_read_tp
                0x0000000000000000        0x8 Output/ble_app_blinky_pca10040_s132 Release/Obj/thumb_crt0.o
 .text.abort    0x0000000000000000        0x2 Output/ble_app_blinky_pca10040_s132 Release/Obj/thumb_crt0.o
 .text.__assert
                0x0000000000000000        0x2 Output/ble_app_blinky_pca10040_s132 Release/Obj/thumb_crt0.o
 .text.__aeabi_assert
                0x0000000000000000        0x2 Output/ble_app_blinky_pca10040_s132 Release/Obj/thumb_crt0.o
 .text.__sync_synchronize
                0x0000000000000000        0x2 Output/ble_app_blinky_pca10040_s132 Release/Obj/thumb_crt0.o
 .text.__getchar
                0x0000000000000000        0x4 Output/ble_app_blinky_pca10040_s132 Release/Obj/thumb_crt0.o
 .text.__putchar
                0x0000000000000000        0x4 Output/ble_app_blinky_pca10040_s132 Release/Obj/thumb_crt0.o
 .text.__open   0x0000000000000000        0x4 Output/ble_app_blinky_pca10040_s132 Release/Obj/thumb_crt0.o
 .text.__close  0x0000000000000000        0x4 Output/ble_app_blinky_pca10040_s132 Release/Obj/thumb_crt0.o
 .text.__write  0x0000000000000000        0xa Output/ble_app_blinky_pca10040_s132 Release/Obj/thumb_crt0.o
 .text.__read   0x0000000000000000        0xa Output/ble_app_blinky_pca10040_s132 Release/Obj/thumb_crt0.o
 .text.__seek   0x0000000000000000       0x1a Output/ble_app_blinky_pca10040_s132 Release/Obj/thumb_crt0.o
 .bss.__user_locale_name_buffer
                0x0000000000000000        0x4 Output/ble_app_blinky_pca10040_s132 Release/Obj/thumb_crt0.o
 .stack         0x0000000000000000        0x0 Output/ble_app_blinky_pca10040_s132 Release/Obj/thumb_crt0.o
 .stack_process
                0x0000000000000000        0x0 Output/ble_app_blinky_pca10040_s132 Release/Obj/thumb_crt0.o
 .heap          0x0000000000000000        0x0 Output/ble_app_blinky_pca10040_s132 Release/Obj/thumb_crt0.o
[...]
Memory Configuration

Name             Origin             Length             Attributes
UNPLACED_SECTIONS 0x0000000100000000 0x0000000000000000 xw
RAM              0x0000000020000000 0x0000000000010000 xw
FLASH            0x0000000000000000 0x0000000000080000 xw
*default*        0x0000000000000000 0xffffffffffffffff

Linker script and memory map

                0x0000000000000000                __vfprintf = __vfprintf_long
                0x0000000000000000                __vfscanf = __vfscanf_long
                0x0000000020000000                __RAM_segment_start__ = 0x20000000
                0x0000000020010000                __RAM_segment_end__ = 0x20010000
                0x0000000000010000                __RAM_segment_size__ = 0x10000
                0x0000000000000000                __FLASH_segment_start__ = 0x0
                0x0000000000080000                __FLASH_segment_end__ = 0x80000
                0x0000000000080000                __FLASH_segment_size__ = 0x80000
                0x0000000000002000                __HEAPSIZE__ = 0x2000
                0x0000000000000000                __STACKSIZE_PROCESS__ = 0x0
                0x0000000000002000                __STACKSIZE__ = 0x2000
                0x0000000020000000                __reserved_ram_load_start__ = 0x20000000

.reserved_ram   0x0000000020000000     0x22f0
                0x0000000020000000                __reserved_ram_start__ = .
 *(.reserved_ram .reserved_ram.*)
                0x00000000200022f0                . = MAX (((__reserved_ram_start__ + 0x200022f0) - 0x20000000), .)
 *fill*         0x0000000020000000     0x22f0 
                0x00000000200022f0                __reserved_ram_end__ = (__reserved_ram_start__ + SIZEOF (.reserved_ram))
                0x00000000000022f0                __reserved_ram_size__ = SIZEOF (.reserved_ram)
                0x00000000200022f0                __reserved_ram_load_end__ = __reserved_ram_end__
                0x0000000000000001                . = ASSERT (((__reserved_ram_start__ == __reserved_ram_end__) || ((__reserved_ram_end__ - __RAM_segment_start__) <= __RAM_segment_size__)), error: .reserved_ram is too large to fit in RAM memory segment)
                0x00000000200022f0                __vectors_ram_load_start__ = 0x200022f0

.vectors_ram    0x00000000200022f0        0x0
                0x00000000200022f0                __vectors_ram_start__ = .
                0x00000000200022f0                __app_ram_start__ = __vectors_ram_start__
 *(.vectors_ram .vectors_ram.*)
                0x00000000200022f0                __vectors_ram_end__ = (__vectors_ram_start__ + SIZEOF (.vectors_ram))
                0x0000000000000000                __vectors_ram_size__ = SIZEOF (.vectors_ram)
                0x00000000200022f0                __vectors_ram_load_end__ = __vectors_ram_end__
                0x0000000000000001                . = ASSERT (((__vectors_ram_start__ == __vectors_ram_end__) || ((__vectors_ram_end__ - __RAM_segment_start__) <= __RAM_segment_size__)), error: .vectors_ram is too large to fit in RAM memory segment)
                0x0000000000000001                . = ASSERT ((__reserved_ram_end__ <= __vectors_ram_start__), error: section .reserved_ram overlaps absolute placed section .vectors_ram)
                0x00000000200022f0                __nrf_sections_run_load_start__ = ALIGN (__vectors_ram_end__, 0x4)

.nrf_sections_run
                0x00000000200022f0        0x0
                0x00000000200022f0                __nrf_sections_run_start__ = .
                0x00000000200022f0                __start_nrf_sections_run = __nrf_sections_run_start__
 *(.nrf_sections_run .nrf_sections_run.*)
                0x00000000200022f0                __nrf_sections_run_end__ = (__nrf_sections_run_start__ + SIZEOF (.nrf_sections_run))
                0x0000000000000000                __nrf_sections_run_size__ = SIZEOF (.nrf_sections_run)
                0x00000000200022f0                __nrf_sections_run_load_end__ = __nrf_sections_run_end__
                0x0000000000000001                . = ASSERT (((__nrf_sections_run_start__ == __nrf_sections_run_end__) || ((__nrf_sections_run_end__ - __RAM_segment_start__) <= __RAM_segment_size__)), error: .nrf_sections_run is too large to fit in RAM memory segment)
                0x0000000000000000                __reserved_flash_load_start__ = 0x0

.reserved_flash
                0x0000000000000000    0x26000
                0x0000000000000000                __reserved_flash_start__ = .
 *(.reserved_flash .reserved_flash.*)
                0x0000000000026000                . = MAX (((__reserved_flash_start__ + 0x26000) - 0x0), .)
 *fill*         0x0000000000000000    0x26000 
                0x0000000000026000                __reserved_flash_end__ = (__reserved_flash_start__ + SIZEOF (.reserved_flash))
                0x0000000000026000                __reserved_flash_size__ = SIZEOF (.reserved_flash)
                0x0000000000026000                __reserved_flash_load_end__ = __reserved_flash_end__
                0x0000000000000001                . = ASSERT (((__reserved_flash_start__ == __reserved_flash_end__) || ((__reserved_flash_end__ - __FLASH_segment_start__) <= __FLASH_segment_size__)), error: .reserved_flash is too large to fit in FLASH memory segment)
                0x0000000000026000                __vectors_load_start__ = 0x26000

.vectors        0x0000000000026000      0x200
                0x0000000000026000                __vectors_start__ = .
 *(.vectors .vectors.*)
 .vectors       0x0000000000026000      0x200 Output/ble_app_blinky_pca10040_s132 Release/Obj/ses_startup_nrf52.o
                0x0000000000026000                _vectors
                0x0000000000026200                __vectors_end__ = (__vectors_start__ + SIZEOF (.vectors))
                0x0000000000000200                __vectors_size__ = SIZEOF (.vectors)
                0x0000000000026200                __vectors_load_end__ = __vectors_end__
                0x0000000000000001                . = ASSERT (((__vectors_start__ == __vectors_end__) || ((__vectors_end__ - __FLASH_segment_start__) <= __FLASH_segment_size__)), error: .vectors is too large to fit in FLASH memory segment)
                0x0000000000000001                . = ASSERT ((__reserved_flash_end__ <= __vectors_start__), error: section .reserved_flash overlaps absolute placed section .vectors)
                0x0000000000026200                __init_load_start__ = ALIGN (__vectors_end__, 0x4)

.init           0x0000000000026200      0x1d0
                0x0000000000026200                __init_start__ = .
 *(.init .init.*)
 .init          0x0000000000026200      0x15c Output/ble_app_blinky_pca10040_s132 Release/Obj/thumb_crt0.o
                0x0000000000026200                _start
                0x00000000000262b4                exit
 .init          0x000000000002635c       0x18 Output/ble_app_blinky_pca10040_s132 Release/Obj/ses_startup_nrf52.o
                0x000000000002635c                NMI_Handler
                0x000000000002635e                HardFault_Handler
                0x0000000000026360                MemoryManagement_Handler
                0x0000000000026362                BusFault_Handler
                0x0000000000026364                UsageFault_Handler
                0x0000000000026366                SVC_Handler
                0x0000000000026368                DebugMon_Handler
                0x000000000002636a                PendSV_Handler
                0x000000000002636c                SysTick_Handler
                0x000000000002636e                SWI0_EGU0_IRQHandler
                0x000000000002636e                RADIO_IRQHandler
                0x000000000002636e                PDM_IRQHandler
                0x000000000002636e                PWM1_IRQHandler
                0x000000000002636e                QDEC_IRQHandler
                0x000000000002636e                TIMER3_IRQHandler
                0x000000000002636e                RTC0_IRQHandler
                0x000000000002636e                SPIM0_SPIS0_TWIM0_TWIS0_SPI0_TWI0_IRQHandler
                0x000000000002636e                TEMP_IRQHandler
                0x000000000002636e                TIMER4_IRQHandler
                0x000000000002636e                I2S_IRQHandler
                0x000000000002636e                SWI4_EGU4_IRQHandler
                0x000000000002636e                TIMER0_IRQHandler
                0x000000000002636e                Dummy_Handler
                0x000000000002636e                TIMER1_IRQHandler
                0x000000000002636e                PWM2_IRQHandler
                0x000000000002636e                ECB_IRQHandler
                0x000000000002636e                SPIM1_SPIS1_TWIM1_TWIS1_SPI1_TWI1_IRQHandler
                0x000000000002636e                SAADC_IRQHandler
                0x000000000002636e                CCM_AAR_IRQHandler
                0x000000000002636e                WDT_IRQHandler
                0x000000000002636e                FPU_IRQHandler
                0x000000000002636e                SWI5_EGU5_IRQHandler
                0x000000000002636e                RNG_IRQHandler
                0x000000000002636e                RTC2_IRQHandler
                0x000000000002636e                PWM0_IRQHandler
                0x000000000002636e                SWI3_EGU3_IRQHandler
                0x000000000002636e                SWI1_EGU1_IRQHandler
                0x000000000002636e                SPIM2_SPIS2_SPI2_IRQHandler
                0x000000000002636e                NFCT_IRQHandler
                0x000000000002636e                TIMER2_IRQHandler
                0x000000000002636e                MWU_IRQHandler
                0x000000000002636e                COMP_LPCOMP_IRQHandler
                0x0000000000026370                nRFInitialize
 .init          0x0000000000026374       0x5c Output/ble_app_blinky_pca10040_s132 Release/Obj/ses_startup_nrf_common.o
                0x0000000000026374                Reset_Handler
                0x0000000000026378                afterInitialize
                0x000000000002639c                InitializeUserMemorySections
                0x00000000000263d0                __init_end__ = (__init_start__ + SIZEOF (.init))
                0x00000000000001d0                __init_size__ = SIZEOF (.init)
                0x00000000000263d0                __init_load_end__ = __init_end__
                0x0000000000000001                . = ASSERT (((__init_start__ == __init_end__) || ((__init_end__ - __FLASH_segment_start__) <= __FLASH_segment_size__)), error: .init is too large to fit in FLASH memory segment)
                0x00000000000263d0                __init_rodata_load_start__ = ALIGN (__init_end__, 0x4)

.init_rodata    0x00000000000263d0        0x0
                0x00000000000263d0                __init_rodata_start__ = .
 *(.init_rodata .init_rodata.*)
                0x00000000000263d0                __init_rodata_end__ = (__init_rodata_start__ + SIZEOF (.init_rodata))
                0x0000000000000000                __init_rodata_size__ = SIZEOF (.init_rodata)
                0x00000000000263d0                __init_rodata_load_end__ = __init_rodata_end__
                0x0000000000000001                . = ASSERT (((__init_rodata_start__ == __init_rodata_end__) || ((__init_rodata_end__ - __FLASH_segment_start__) <= __FLASH_segment_size__)), error: .init_rodata is too large to fit in FLASH memory segment)
                0x00000000000263d0                __text_load_start__ = ALIGN (__init_rodata_end__, 0x4)

.text           0x00000000000263d0     0x47de
                0x00000000000263d0                __text_start__ = .
 *(.text .text.* .glue_7t .glue_7 .gnu.linkonce.t.* .gcc_except_table .ARM.extab* .gnu.linkonce.armextab.*)
 .glue_7        0x00000000000263d0        0x0 linker stubs
 .glue_7t       0x00000000000263d0        0x0 linker stubs
 .text.nrf_log_backend_serial_put
                0x00000000000263d0       0xc0 Output/ble_app_blinky_pca10040_s132 Release/Obj/nrf_log_backend_serial.o
                0x00000000000263d0                nrf_log_backend_serial_put
 .text.uart_evt_handler
                0x0000000000026490        0xc Output/ble_app_blinky_pca10040_s132 Release/Obj/nrf_log_backend_uart.o
 .text.nrf_log_backend_uart_flush
                0x000000000002649c        0x2 Output/ble_app_blinky_pca10040_s132 Release/Obj/nrf_log_backend_uart.o
 *fill*         0x000000000002649e        0x2 
 .text.uart_init
                0x00000000000264a0       0x4c Output/ble_app_blinky_pca10040_s132 Release/Obj/nrf_log_backend_uart.o
 .text.nrf_log_backend_uart_put
                0x00000000000264ec       0x1c Output/ble_app_blinky_pca10040_s132 Release/Obj/nrf_log_backend_uart.o
 .text.serial_tx
                0x0000000000026508       0x48 Output/ble_app_blinky_pca10040_s132 Release/Obj/nrf_log_backend_uart.o
 .text.nrf_log_backend_uart_panic_set
                0x0000000000026550       0x2c Output/ble_app_blinky_pca10040_s132 Release/Obj/nrf_log_backend_uart.o
 .text.nrf_log_backend_uart_init
                0x000000000002657c        0x6 Output/ble_app_blinky_pca10040_s132 Release/Obj/nrf_log_backend_uart.o
                0x000000000002657c                nrf_log_backend_uart_init
 *fill*         0x0000000000026582        0x2 
 .text.nrf_log_default_backends_init
                0x0000000000026584       0x20 Output/ble_app_blinky_pca10040_s132 Release/Obj/nrf_log_default_backends.o
                0x0000000000026584                nrf_log_default_backends_init
 .text.invalid_packets_omit
                0x00000000000265a4       0x3a Output/ble_app_blinky_pca10040_s132 Release/Obj/nrf_log_frontend.o
 *fill*         0x00000000000265de        0x2 
 .text.buf_prealloc
                0x00000000000265e0      0x138 Output/ble_app_blinky_pca10040_s132 Release/Obj/nrf_log_frontend.o
 .text.nrf_log_init
                0x0000000000026718       0x3c Output/ble_app_blinky_pca10040_s132 Release/Obj/nrf_log_frontend.o
                0x0000000000026718                nrf_log_init
 .text.nrf_log_module_name_get
                0x0000000000026754       0x38 Output/ble_app_blinky_pca10040_s132 Release/Obj/nrf_log_frontend.o
                0x0000000000026754                nrf_log_module_name_get
 .text.nrf_log_color_id_get
                0x000000000002678c       0x2c Output/ble_app_blinky_pca10040_s132 Release/Obj/nrf_log_frontend.o
                0x000000000002678c                nrf_log_color_id_get
 .text.buffer_is_empty
                0x00000000000267b8       0x14 Output/ble_app_blinky_pca10040_s132 Release/Obj/nrf_log_frontend.o
                0x00000000000267b8                buffer_is_empty
 .text.nrf_log_frontend_dequeue
                0x00000000000267cc      0x224 Output/ble_app_blinky_pca10040_s132 Release/Obj/nrf_log_frontend.o
                0x00000000000267cc                nrf_log_frontend_dequeue
 .text.std_n    0x00000000000269f0       0xb0 Output/ble_app_blinky_pca10040_s132 Release/Obj/nrf_log_frontend.o
 .text.nrf_log_frontend_std_0
                0x0000000000026aa0        0x8 Output/ble_app_blinky_pca10040_s132 Release/Obj/nrf_log_frontend.o
                0x0000000000026aa0                nrf_log_frontend_std_0
 .text.nrf_log_frontend_std_1
                0x0000000000026aa8       0x12 Output/ble_app_blinky_pca10040_s132 Release/Obj/nrf_log_frontend.o
                0x0000000000026aa8                nrf_log_frontend_std_1
 .text.nrf_log_frontend_std_2
                0x0000000000026aba       0x14 Output/ble_app_blinky_pca10040_s132 Release/Obj/nrf_log_frontend.o
                0x0000000000026aba                nrf_log_frontend_std_2
 *fill*         0x0000000000026ace        0x2 
 .text.nrf_log_backend_add
                0x0000000000026ad0       0x44 Output/ble_app_blinky_pca10040_s132 Release/Obj/nrf_log_frontend.o
                0x0000000000026ad0                nrf_log_backend_add
 .text.nrf_log_panic
                0x0000000000026b14       0x2c Output/ble_app_blinky_pca10040_s132 Release/Obj/nrf_log_frontend.o
                0x0000000000026b14                nrf_log_panic
 .text.postfix_process
                0x0000000000026b40       0x3c Output/ble_app_blinky_pca10040_s132 Release/Obj/nrf_log_str_formatter.o
 .text.prefix_process
                0x0000000000026b7c       0x78 Output/ble_app_blinky_pca10040_s132 Release/Obj/nrf_log_str_formatter.o
 .text.nrf_log_std_entry_process
                0x0000000000026bf4       0xc8 Output/ble_app_blinky_pca10040_s132 Release/Obj/nrf_log_str_formatter.o
                0x0000000000026bf4                nrf_log_std_entry_process
 .text.nrf_log_hexdump_entry_process
                0x0000000000026cbc       0xb4 Output/ble_app_blinky_pca10040_s132 Release/Obj/nrf_log_str_formatter.o
                0x0000000000026cbc                nrf_log_hexdump_entry_process
 .text.state_set
                0x0000000000026d70       0x24 Output/ble_app_blinky_pca10040_s132 Release/Obj/app_button.o
 .text.button_get
                0x0000000000026d94       0x30 Output/ble_app_blinky_pca10040_s132 Release/Obj/app_button.o
 .text.usr_event
                0x0000000000026dc4       0x1c Output/ble_app_blinky_pca10040_s132 Release/Obj/app_button.o
 .text.timer_start
                0x0000000000026de0       0x18 Output/ble_app_blinky_pca10040_s132 Release/Obj/app_button.o
 .text.gpiote_event_handler
                0x0000000000026df8       0x34 Output/ble_app_blinky_pca10040_s132 Release/Obj/app_button.o
 .text.evt_handle
                0x0000000000026e2c       0xe8 Output/ble_app_blinky_pca10040_s132 Release/Obj/app_button.o
                0x0000000000026e2c                evt_handle
 .text.detection_delay_timeout_handler
                0x0000000000026f14       0x5c Output/ble_app_blinky_pca10040_s132 Release/Obj/app_button.o
 .text.app_button_init
                0x0000000000026f70       0xac Output/ble_app_blinky_pca10040_s132 Release/Obj/app_button.o
                0x0000000000026f70                app_button_init
 .text.app_button_enable
                0x000000000002701c       0x2c Output/ble_app_blinky_pca10040_s132 Release/Obj/app_button.o
                0x000000000002701c                app_button_enable
 .text.app_button_disable
                0x0000000000027048       0x58 Output/ble_app_blinky_pca10040_s132 Release/Obj/app_button.o
                0x0000000000027048                app_button_disable
 .text.app_error_handler_bare
                0x00000000000270a0       0x1a Output/ble_app_blinky_pca10040_s132 Release/Obj/app_error.o
                0x00000000000270a0                app_error_handler_bare
 *fill*         0x00000000000270ba        0x2 
 .text.app_error_fault_handler
                0x00000000000270bc       0x70 Output/ble_app_blinky_pca10040_s132 Release/Obj/app_error_weak.o
                0x00000000000270bc                app_error_fault_handler
 .text.compare_func
                0x000000000002712c       0x16 Output/ble_app_blinky_pca10040_s132 Release/Obj/app_timer2.o
 *fill*         0x0000000000027142        0x2 
 .text.get_now  0x0000000000027144       0x44 Output/ble_app_blinky_pca10040_s132 Release/Obj/app_timer2.o
 .text.timer_req_schedule
                0x0000000000027188       0x38 Output/ble_app_blinky_pca10040_s132 Release/Obj/app_timer2.o
 .text.timer_expire
                0x00000000000271c0       0x70 Output/ble_app_blinky_pca10040_s132 Release/Obj/app_timer2.o
 .text.app_timer_init
                0x0000000000027230       0x64 Output/ble_app_blinky_pca10040_s132 Release/Obj/app_timer2.o
                0x0000000000027230                app_timer_init
 .text.app_timer_create
                0x0000000000027294       0x16 Output/ble_app_blinky_pca10040_s132 Release/Obj/app_timer2.o
                0x0000000000027294                app_timer_create
 .text.app_timer_start
                0x00000000000272aa       0x30 Output/ble_app_blinky_pca10040_s132 Release/Obj/app_timer2.o
                0x00000000000272aa                app_timer_start
 .text.app_timer_stop
                0x00000000000272da        0xc Output/ble_app_blinky_pca10040_s132 Release/Obj/app_timer2.o
                0x00000000000272da                app_timer_stop
 *fill*         0x00000000000272e6        0x2 
 .text.app_timer_cnt_get
                0x00000000000272e8        0xc Output/ble_app_blinky_pca10040_s132 Release/Obj/app_timer2.o
                0x00000000000272e8                app_timer_cnt_get
 .text.rtc_irq  0x00000000000272f4      0x194 Output/ble_app_blinky_pca10040_s132 Release/Obj/app_timer2.o
 .text.app_util_critical_region_enter
                0x0000000000027488       0x48 Output/ble_app_blinky_pca10040_s132 Release/Obj/app_util_platform.o
                0x0000000000027488                app_util_critical_region_enter
 .text.app_util_critical_region_exit
                0x00000000000274d0       0x2c Output/ble_app_blinky_pca10040_s132 Release/Obj/app_util_platform.o
                0x00000000000274d0                app_util_critical_region_exit
 .text.evt_pending.isra.3
                0x00000000000274fc       0x1a Output/ble_app_blinky_pca10040_s132 Release/Obj/drv_rtc.o
 *fill*         0x0000000000027516        0x2 
 .text.drv_rtc_init
                0x0000000000027518       0xac Output/ble_app_blinky_pca10040_s132 Release/Obj/drv_rtc.o
                0x0000000000027518                drv_rtc_init
 .text.drv_rtc_start
                0x00000000000275c4        0x8 Output/ble_app_blinky_pca10040_s132 Release/Obj/drv_rtc.o
                0x00000000000275c4                drv_rtc_start
 .text.drv_rtc_stop
                0x00000000000275cc        0x8 Output/ble_app_blinky_pca10040_s132 Release/Obj/drv_rtc.o
                0x00000000000275cc                drv_rtc_stop
 .text.drv_rtc_compare_set
                0x00000000000275d4       0x3e Output/ble_app_blinky_pca10040_s132 Release/Obj/drv_rtc.o
                0x00000000000275d4                drv_rtc_compare_set
 *fill*         0x0000000000027612        0x2 
 .text.drv_rtc_windowed_compare_set
                0x0000000000027614       0xe8 Output/ble_app_blinky_pca10040_s132 Release/Obj/drv_rtc.o
                0x0000000000027614                drv_rtc_windowed_compare_set
 .text.drv_rtc_overflow_enable
                0x00000000000276fc       0x10 Output/ble_app_blinky_pca10040_s132 Release/Obj/drv_rtc.o
                0x00000000000276fc                drv_rtc_overflow_enable
 .text.drv_rtc_overflow_pending
                0x000000000002770c        0xa Output/ble_app_blinky_pca10040_s132 Release/Obj/drv_rtc.o
                0x000000000002770c                drv_rtc_overflow_pending
 .text.drv_rtc_compare_disable
                0x0000000000027716       0x14 Output/ble_app_blinky_pca10040_s132 Release/Obj/drv_rtc.o
                0x0000000000027716                drv_rtc_compare_disable
 .text.drv_rtc_compare_pending
                0x000000000002772a        0xc Output/ble_app_blinky_pca10040_s132 Release/Obj/drv_rtc.o
                0x000000000002772a                drv_rtc_compare_pending
 .text.drv_rtc_counter_get
                0x0000000000027736        0x8 Output/ble_app_blinky_pca10040_s132 Release/Obj/drv_rtc.o
                0x0000000000027736                drv_rtc_counter_get
 *fill*         0x000000000002773e        0x2 
 .text.drv_rtc_irq_trigger
                0x0000000000027740       0x20 Output/ble_app_blinky_pca10040_s132 Release/Obj/drv_rtc.o
                0x0000000000027740                drv_rtc_irq_trigger
 .text.RTC1_IRQHandler
                0x0000000000027760       0x14 Output/ble_app_blinky_pca10040_s132 Release/Obj/drv_rtc.o
                0x0000000000027760                RTC1_IRQHandler
 .text.nrf_atfifo_init
                0x0000000000027774       0x26 Output/ble_app_blinky_pca10040_s132 Release/Obj/nrf_atfifo.o
                0x0000000000027774                nrf_atfifo_init
 .text.nrf_atfifo_item_alloc
                0x000000000002779a       0x54 Output/ble_app_blinky_pca10040_s132 Release/Obj/nrf_atfifo.o
                0x000000000002779a                nrf_atfifo_item_alloc
 .text.nrf_atfifo_item_put
                0x00000000000277ee       0x20 Output/ble_app_blinky_pca10040_s132 Release/Obj/nrf_atfifo.o
                0x00000000000277ee                nrf_atfifo_item_put
 .text.nrf_atfifo_item_get
                0x000000000002780e       0x56 Output/ble_app_blinky_pca10040_s132 Release/Obj/nrf_atfifo.o
                0x000000000002780e                nrf_atfifo_item_get
 .text.nrf_atfifo_item_free
                0x0000000000027864       0x20 Output/ble_app_blinky_pca10040_s132 Release/Obj/nrf_atfifo.o
                0x0000000000027864                nrf_atfifo_item_free
 .text.nrf_atflags_set
                0x0000000000027884       0x12 Output/ble_app_blinky_pca10040_s132 Release/Obj/nrf_atflags.o
                0x0000000000027884                nrf_atflags_set
 .text.nrf_atflags_clear
                0x0000000000027896       0x14 Output/ble_app_blinky_pca10040_s132 Release/Obj/nrf_atflags.o
                0x0000000000027896                nrf_atflags_clear
 .text.nrf_atflags_get
                0x00000000000278aa       0x12 Output/ble_app_blinky_pca10040_s132 Release/Obj/nrf_atflags.o
                0x00000000000278aa                nrf_atflags_get
 .text.nrf_atomic_u32_fetch_store
                0x00000000000278bc       0x14 Output/ble_app_blinky_pca10040_s132 Release/Obj/nrf_atomic.o
                0x00000000000278bc                nrf_atomic_u32_fetch_store
 .text.nrf_atomic_u32_or
                0x00000000000278d0       0x16 Output/ble_app_blinky_pca10040_s132 Release/Obj/nrf_atomic.o
                0x00000000000278d0                nrf_atomic_u32_or
 .text.nrf_atomic_u32_fetch_and
                0x00000000000278e6       0x16 Output/ble_app_blinky_pca10040_s132 Release/Obj/nrf_atomic.o
                0x00000000000278e6                nrf_atomic_u32_fetch_and
 .text.nrf_atomic_u32_and
                0x00000000000278fc       0x16 Output/ble_app_blinky_pca10040_s132 Release/Obj/nrf_atomic.o
                0x00000000000278fc                nrf_atomic_u32_and
 .text.nrf_atomic_u32_add
                0x0000000000027912       0x16 Output/ble_app_blinky_pca10040_s132 Release/Obj/nrf_atomic.o
                0x0000000000027912                nrf_atomic_u32_add
 .text.nrf_atomic_u32_sub
                0x0000000000027928       0x16 Output/ble_app_blinky_pca10040_s132 Release/Obj/nrf_atomic.o
                0x0000000000027928                nrf_atomic_u32_sub
 .text.nrf_atomic_flag_set
                0x000000000002793e        0x6 Output/ble_app_blinky_pca10040_s132 Release/Obj/nrf_atomic.o
                0x000000000002793e                nrf_atomic_flag_set
 .text.nrf_atomic_flag_clear_fetch
                0x0000000000027944        0x6 Output/ble_app_blinky_pca10040_s132 Release/Obj/nrf_atomic.o
                0x0000000000027944                nrf_atomic_flag_clear_fetch
 .text.nrf_balloc_init
                0x000000000002794a       0x2e Output/ble_app_blinky_pca10040_s132 Release/Obj/nrf_balloc.o
                0x000000000002794a                nrf_balloc_init
 .text.nrf_balloc_alloc
                0x0000000000027978       0x48 Output/ble_app_blinky_pca10040_s132 Release/Obj/nrf_balloc.o
                0x0000000000027978                nrf_balloc_alloc
 .text.nrf_balloc_free
                0x00000000000279c0       0x34 Output/ble_app_blinky_pca10040_s132 Release/Obj/nrf_balloc.o
                0x00000000000279c0                nrf_balloc_free
 .text.nrf_fprintf_buffer_flush
                0x00000000000279f4       0x16 Output/ble_app_blinky_pca10040_s132 Release/Obj/nrf_fprintf.o
                0x00000000000279f4                nrf_fprintf_buffer_flush
 .text.nrf_fprintf
                0x0000000000027a0a       0x1c Output/ble_app_blinky_pca10040_s132 Release/Obj/nrf_fprintf.o
                0x0000000000027a0a                nrf_fprintf
 .text.buffer_add
                0x0000000000027a26       0x2e Output/ble_app_blinky_pca10040_s132 Release/Obj/nrf_fprintf_format.o
 .text.unsigned_print
                0x0000000000027a54       0xb0 Output/ble_app_blinky_pca10040_s132 Release/Obj/nrf_fprintf_format.o
 .text.nrf_fprintf_fmt
                0x0000000000027b04      0x276 Output/ble_app_blinky_pca10040_s132 Release/Obj/nrf_fprintf_format.o
                0x0000000000027b04                nrf_fprintf_fmt
 .text.memobj_op
                0x0000000000027d7a       0x82 Output/ble_app_blinky_pca10040_s132 Release/Obj/nrf_memobj.o
 .text.nrf_memobj_pool_init
                0x0000000000027dfc        0x4 Output/ble_app_blinky_pca10040_s132 Release/Obj/nrf_memobj.o
                0x0000000000027dfc                nrf_memobj_pool_init
 .text.nrf_memobj_free
                0x0000000000027e00       0x2c Output/ble_app_blinky_pca10040_s132 Release/Obj/nrf_memobj.o
                0x0000000000027e00                nrf_memobj_free
 .text.nrf_memobj_alloc
                0x0000000000027e2c       0x5e Output/ble_app_blinky_pca10040_s132 Release/Obj/nrf_memobj.o
                0x0000000000027e2c                nrf_memobj_alloc
 .text.nrf_memobj_get
                0x0000000000027e8a        0x8 Output/ble_app_blinky_pca10040_s132 Release/Obj/nrf_memobj.o
                0x0000000000027e8a                nrf_memobj_get
 .text.nrf_memobj_put
                0x0000000000027e92       0x1e Output/ble_app_blinky_pca10040_s132 Release/Obj/nrf_memobj.o
                0x0000000000027e92                nrf_memobj_put
 .text.nrf_memobj_write
                0x0000000000027eb0       0x14 Output/ble_app_blinky_pca10040_s132 Release/Obj/nrf_memobj.o
                0x0000000000027eb0                nrf_memobj_write
 .text.nrf_memobj_read
                0x0000000000027ec4       0x14 Output/ble_app_blinky_pca10040_s132 Release/Obj/nrf_memobj.o
                0x0000000000027ec4                nrf_memobj_read
 .text.sd_app_evt_wait
                0x0000000000027ed8        0x4 Output/ble_app_blinky_pca10040_s132 Release/Obj/nrf_pwr_mgmt.o
 .text.nrf_pwr_mgmt_init
                0x0000000000027edc       0x2c Output/ble_app_blinky_pca10040_s132 Release/Obj/nrf_pwr_mgmt.o
                0x0000000000027edc                nrf_pwr_mgmt_init
 .text.nrf_pwr_mgmt_run
                0x0000000000027f08       0x4c Output/ble_app_blinky_pca10040_s132 Release/Obj/nrf_pwr_mgmt.o
                0x0000000000027f08                nrf_pwr_mgmt_run
 .text.nrf_ringbuf_init
                0x0000000000027f54       0x12 Output/ble_app_blinky_pca10040_s132 Release/Obj/nrf_ringbuf.o
                0x0000000000027f54                nrf_ringbuf_init
 .text.nrf_section_iter_init
                0x0000000000027f66       0x14 Output/ble_app_blinky_pca10040_s132 Release/Obj/nrf_section_iter.o
                0x0000000000027f66                nrf_section_iter_init
 .text.nrf_section_iter_next
                0x0000000000027f7a       0x18 Output/ble_app_blinky_pca10040_s132 Release/Obj/nrf_section_iter.o
                0x0000000000027f7a                nrf_section_iter_next
 .text.nrf_sortlist_add
                0x0000000000027f92       0x20 Output/ble_app_blinky_pca10040_s132 Release/Obj/nrf_sortlist.o
                0x0000000000027f92                nrf_sortlist_add
 .text.nrf_sortlist_pop
                0x0000000000027fb2        0xc Output/ble_app_blinky_pca10040_s132 Release/Obj/nrf_sortlist.o
                0x0000000000027fb2                nrf_sortlist_pop
 .text.nrf_sortlist_peek
                0x0000000000027fbe        0x6 Output/ble_app_blinky_pca10040_s132 Release/Obj/nrf_sortlist.o
                0x0000000000027fbe                nrf_sortlist_peek
 .text.nrf_sortlist_remove
                0x0000000000027fc4       0x1a Output/ble_app_blinky_pca10040_s132 Release/Obj/nrf_sortlist.o
                0x0000000000027fc4                nrf_sortlist_remove
 *fill*         0x0000000000027fde        0x2 
 .text.nrf_strerror_find
                0x0000000000027fe0       0x3c Output/ble_app_blinky_pca10040_s132 Release/Obj/nrf_strerror.o
                0x0000000000027fe0                nrf_strerror_find
 .text.nrf_strerror_get
                0x000000000002801c       0x14 Output/ble_app_blinky_pca10040_s132 Release/Obj/nrf_strerror.o
                0x000000000002801c                nrf_strerror_get
 .text.errata_12
                0x0000000000028030       0x40 Output/ble_app_blinky_pca10040_s132 Release/Obj/system_nrf52.o
 .text.errata_16
                0x0000000000028070       0x34 Output/ble_app_blinky_pca10040_s132 Release/Obj/system_nrf52.o
 .text.SystemInit
                0x00000000000280a4      0x25c Output/ble_app_blinky_pca10040_s132 Release/Obj/system_nrf52.o
                0x00000000000280a4                SystemInit
 .text.bsp_board_led_on
                0x0000000000028300       0x18 Output/ble_app_blinky_pca10040_s132 Release/Obj/boards.o
                0x0000000000028300                bsp_board_led_on
 .text.bsp_board_led_off
                0x0000000000028318       0x18 Output/ble_app_blinky_pca10040_s132 Release/Obj/boards.o
                0x0000000000028318                bsp_board_led_off
 .text.bsp_board_leds_off
                0x0000000000028330       0x1e Output/ble_app_blinky_pca10040_s132 Release/Obj/boards.o
                0x0000000000028330                bsp_board_leds_off
 .text.bsp_board_init
                0x000000000002834e       0x3e Output/ble_app_blinky_pca10040_s132 Release/Obj/boards.o
                0x000000000002834e                bsp_board_init
 .text.clock_clk_started_notify
                0x000000000002838c       0x24 Output/ble_app_blinky_pca10040_s132 Release/Obj/nrf_drv_clock.o
 .text.clock_irq_handler
                0x00000000000283b0       0x1c Output/ble_app_blinky_pca10040_s132 Release/Obj/nrf_drv_clock.o
 .text.soc_evt_handler
                0x00000000000283cc       0x14 Output/ble_app_blinky_pca10040_s132 Release/Obj/nrf_drv_clock.o
 .text.nrf_drv_clock_init
                0x00000000000283e0       0x38 Output/ble_app_blinky_pca10040_s132 Release/Obj/nrf_drv_clock.o
                0x00000000000283e0                nrf_drv_clock_init
 .text.nrf_drv_clock_lfclk_release
                0x0000000000028418       0x34 Output/ble_app_blinky_pca10040_s132 Release/Obj/nrf_drv_clock.o
                0x0000000000028418                nrf_drv_clock_lfclk_release
 .text.sd_state_evt_handler
                0x000000000002844c       0x58 Output/ble_app_blinky_pca10040_s132 Release/Obj/nrf_drv_clock.o
 .text.uarte_evt_handler
                0x00000000000284a4       0x34 Output/ble_app_blinky_pca10040_s132 Release/Obj/nrf_drv_uart.o
 .text.uart_evt_handler
                0x00000000000284d8       0x34 Output/ble_app_blinky_pca10040_s132 Release/Obj/nrf_drv_uart.o
 .text.nrf_drv_uart_init
                0x000000000002850c       0x78 Output/ble_app_blinky_pca10040_s132 Release/Obj/nrf_drv_uart.o
                0x000000000002850c                nrf_drv_uart_init
 .text.nrfx_clock_init
                0x0000000000028584       0x18 Output/ble_app_blinky_pca10040_s132 Release/Obj/nrfx_clock.o
                0x0000000000028584                nrfx_clock_init
 .text.nrfx_clock_enable
                0x000000000002859c       0x24 Output/ble_app_blinky_pca10040_s132 Release/Obj/nrfx_clock.o
                0x000000000002859c                nrfx_clock_enable
 .text.nrfx_clock_lfclk_stop
                0x00000000000285c0       0x18 Output/ble_app_blinky_pca10040_s132 Release/Obj/nrfx_clock.o
                0x00000000000285c0                nrfx_clock_lfclk_stop
 .text.POWER_CLOCK_IRQHandler
                0x00000000000285d8       0x64 Output/ble_app_blinky_pca10040_s132 Release/Obj/nrfx_clock.o
                0x00000000000285d8                POWER_CLOCK_IRQHandler
 .text.nrf_gpiote_event_clear
                0x000000000002863c       0x18 Output/ble_app_blinky_pca10040_s132 Release/Obj/nrfx_gpiote.o
 .text.nrf_gpio_cfg_sense_set
                0x0000000000028654       0x20 Output/ble_app_blinky_pca10040_s132 Release/Obj/nrfx_gpiote.o
 .text.channel_free
                0x0000000000028674       0x1c Output/ble_app_blinky_pca10040_s132 Release/Obj/nrfx_gpiote.o
 .text.nrfx_gpiote_init
                0x0000000000028690       0x70 Output/ble_app_blinky_pca10040_s132 Release/Obj/nrfx_gpiote.o
                0x0000000000028690                nrfx_gpiote_init
 .text.nrfx_gpiote_is_init
                0x0000000000028700       0x14 Output/ble_app_blinky_pca10040_s132 Release/Obj/nrfx_gpiote.o
                0x0000000000028700                nrfx_gpiote_is_init
 .text.nrfx_gpiote_in_init
                0x0000000000028714       0xe8 Output/ble_app_blinky_pca10040_s132 Release/Obj/nrfx_gpiote.o
                0x0000000000028714                nrfx_gpiote_in_init
 .text.nrfx_gpiote_in_event_enable
                0x00000000000287fc       0x88 Output/ble_app_blinky_pca10040_s132 Release/Obj/nrfx_gpiote.o
                0x00000000000287fc                nrfx_gpiote_in_event_enable
 .text.nrfx_gpiote_in_event_disable
                0x0000000000028884       0x44 Output/ble_app_blinky_pca10040_s132 Release/Obj/nrfx_gpiote.o
                0x0000000000028884                nrfx_gpiote_in_event_disable
 .text.nrfx_gpiote_in_is_set
                0x00000000000288c8       0x12 Output/ble_app_blinky_pca10040_s132 Release/Obj/nrfx_gpiote.o
                0x00000000000288c8                nrfx_gpiote_in_is_set
 *fill*         0x00000000000288da        0x2 
 .text.GPIOTE_IRQHandler
                0x00000000000288dc      0x184 Output/ble_app_blinky_pca10040_s132 Release/Obj/nrfx_gpiote.o
                0x00000000000288dc                GPIOTE_IRQHandler
 .text.UARTE0_UART0_IRQHandler
                0x0000000000028a60        0xc Output/ble_app_blinky_pca10040_s132 Release/Obj/nrfx_prs.o
                0x0000000000028a60                UARTE0_UART0_IRQHandler
 .text.nrfx_prs_acquire
                0x0000000000028a6c       0x44 Output/ble_app_blinky_pca10040_s132 Release/Obj/nrfx_prs.o
                0x0000000000028a6c                nrfx_prs_acquire
 .text.nrfx_prs_release
                0x0000000000028ab0       0x18 Output/ble_app_blinky_pca10040_s132 Release/Obj/nrfx_prs.o
                0x0000000000028ab0                nrfx_prs_release
 .text.nrf_uart_event_clear
                0x0000000000028ac8       0x10 Output/ble_app_blinky_pca10040_s132 Release/Obj/nrfx_uart.o
 .text.tx_byte  0x0000000000028ad8       0x1e Output/ble_app_blinky_pca10040_s132 Release/Obj/nrfx_uart.o
 .text.rx_byte  0x0000000000028af6       0x2c Output/ble_app_blinky_pca10040_s132 Release/Obj/nrfx_uart.o
 *fill*         0x0000000000028b22        0x2 
 .text.rx_done_event.constprop.8
                0x0000000000028b24       0x20 Output/ble_app_blinky_pca10040_s132 Release/Obj/nrfx_uart.o
 .text.nrfx_uart_0_irq_handler
                0x0000000000028b44      0x140 Output/ble_app_blinky_pca10040_s132 Release/Obj/nrfx_uart.o
                0x0000000000028b44                nrfx_uart_0_irq_handler
 .text.nrfx_uart_init
                0x0000000000028c84      0x174 Output/ble_app_blinky_pca10040_s132 Release/Obj/nrfx_uart.o
                0x0000000000028c84                nrfx_uart_init
 .text.nrfx_uart_uninit
                0x0000000000028df8       0xc8 Output/ble_app_blinky_pca10040_s132 Release/Obj/nrfx_uart.o
                0x0000000000028df8                nrfx_uart_uninit
 .text.nrfx_uart_tx
                0x0000000000028ec0       0x94 Output/ble_app_blinky_pca10040_s132 Release/Obj/nrfx_uart.o
                0x0000000000028ec0                nrfx_uart_tx
 .text.nrf_uarte_event_clear
                0x0000000000028f54       0x10 Output/ble_app_blinky_pca10040_s132 Release/Obj/nrfx_uarte.o
 .text.rx_done_event.constprop.7
                0x0000000000028f64       0x20 Output/ble_app_blinky_pca10040_s132 Release/Obj/nrfx_uarte.o
 .text.nrfx_uarte_0_irq_handler
                0x0000000000028f84      0x120 Output/ble_app_blinky_pca10040_s132 Release/Obj/nrfx_uarte.o
                0x0000000000028f84                nrfx_uarte_0_irq_handler
 .text.nrfx_uarte_init
                0x00000000000290a4      0x18c Output/ble_app_blinky_pca10040_s132 Release/Obj/nrfx_uarte.o
                0x00000000000290a4                nrfx_uarte_init
 .text.nrfx_uarte_uninit
                0x0000000000029230       0xec Output/ble_app_blinky_pca10040_s132 Release/Obj/nrfx_uarte.o
                0x0000000000029230                nrfx_uarte_uninit
 .text.nrfx_uarte_tx
                0x000000000002931c       0x90 Output/ble_app_blinky_pca10040_s132 Release/Obj/nrfx_uarte.o
                0x000000000002931c                nrfx_uarte_tx
 .text.sd_ble_gap_adv_set_configure
                0x00000000000293ac        0x4 Output/ble_app_blinky_pca10040_s132 Release/Obj/main.o
 .text.sd_ble_gap_adv_start
                0x00000000000293b0        0x4 Output/ble_app_blinky_pca10040_s132 Release/Obj/main.o
 .text.sd_ble_gap_disconnect
                0x00000000000293b4        0x4 Output/ble_app_blinky_pca10040_s132 Release/Obj/main.o
 .text.sd_ble_gap_ppcp_set
                0x00000000000293b8        0x4 Output/ble_app_blinky_pca10040_s132 Release/Obj/main.o
 .text.sd_ble_gap_device_name_set
                0x00000000000293bc        0x4 Output/ble_app_blinky_pca10040_s132 Release/Obj/main.o
 .text.sd_ble_gap_sec_params_reply
                0x00000000000293c0        0x4 Output/ble_app_blinky_pca10040_s132 Release/Obj/main.o
 .text.sd_ble_gap_phy_update
                0x00000000000293c4        0x4 Output/ble_app_blinky_pca10040_s132 Release/Obj/main.o
 .text.sd_ble_gatts_sys_attr_set
                0x00000000000293c8        0x4 Output/ble_app_blinky_pca10040_s132 Release/Obj/main.o
 .text.nrf_qwr_error_handler
                0x00000000000293cc        0x4 Output/ble_app_blinky_pca10040_s132 Release/Obj/main.o
 .text.advertising_start
                0x00000000000293d0       0x20 Output/ble_app_blinky_pca10040_s132 Release/Obj/main.o
 .text.ble_evt_handler
                0x00000000000293f0       0xe8 Output/ble_app_blinky_pca10040_s132 Release/Obj/main.o
 .text.on_conn_params_evt
                0x00000000000294d8       0x20 Output/ble_app_blinky_pca10040_s132 Release/Obj/main.o
 .text.button_event_handler
                0x00000000000294f8       0x5c Output/ble_app_blinky_pca10040_s132 Release/Obj/main.o
 .text.led_write_handler
                0x0000000000029554       0x3c Output/ble_app_blinky_pca10040_s132 Release/Obj/main.o
 .text.conn_params_error_handler
                0x0000000000029590        0x4 Output/ble_app_blinky_pca10040_s132 Release/Obj/main.o
 .text.startup.main
                0x0000000000029594      0x214 Output/ble_app_blinky_pca10040_s132 Release/Obj/main.o
                0x0000000000029594                main
 .text.sd_ble_gap_addr_get
                0x00000000000297a8        0x4 Output/ble_app_blinky_pca10040_s132 Release/Obj/ble_advdata.o
 .text.sd_ble_gap_appearance_get
                0x00000000000297ac        0x4 Output/ble_app_blinky_pca10040_s132 Release/Obj/ble_advdata.o
 .text.sd_ble_gap_device_name_get
                0x00000000000297b0        0x4 Output/ble_app_blinky_pca10040_s132 Release/Obj/ble_advdata.o
 .text.sd_ble_uuid_encode
                0x00000000000297b4        0x4 Output/ble_app_blinky_pca10040_s132 Release/Obj/ble_advdata.o
 .text.uuid_list_sized_encode
                0x00000000000297b8       0xac Output/ble_app_blinky_pca10040_s132 Release/Obj/ble_advdata.o
 .text.uuid_list_encode
                0x0000000000029864       0x38 Output/ble_app_blinky_pca10040_s132 Release/Obj/ble_advdata.o
 .text.ble_advdata_encode
                0x000000000002989c      0x394 Output/ble_app_blinky_pca10040_s132 Release/Obj/ble_advdata.o
                0x000000000002989c                ble_advdata_encode
 .text.sd_ble_gap_conn_param_update
                0x0000000000029c30        0x4 Output/ble_app_blinky_pca10040_s132 Release/Obj/ble_conn_params.o
 .text.sd_ble_gap_disconnect
                0x0000000000029c34        0x4 Output/ble_app_blinky_pca10040_s132 Release/Obj/ble_conn_params.o
 .text.sd_ble_gap_ppcp_set
                0x0000000000029c38        0x4 Output/ble_app_blinky_pca10040_s132 Release/Obj/ble_conn_params.o
 .text.sd_ble_gap_ppcp_get
                0x0000000000029c3c        0x4 Output/ble_app_blinky_pca10040_s132 Release/Obj/ble_conn_params.o
 .text.instance_get
                0x0000000000029c40       0x14 Output/ble_app_blinky_pca10040_s132 Release/Obj/ble_conn_params.o
 .text.send_error_evt
                0x0000000000029c54       0x10 Output/ble_app_blinky_pca10040_s132 Release/Obj/ble_conn_params.o
 .text.update_timeout_handler
                0x0000000000029c64       0x6c Output/ble_app_blinky_pca10040_s132 Release/Obj/ble_conn_params.o
 .text.conn_params_negotiation
                0x0000000000029cd0       0x48 Output/ble_app_blinky_pca10040_s132 Release/Obj/ble_conn_params.o
 .text.is_conn_params_ok.constprop.3
                0x0000000000029d18       0x34 Output/ble_app_blinky_pca10040_s132 Release/Obj/ble_conn_params.o
 .text.ble_evt_handler
                0x0000000000029d4c       0xe0 Output/ble_app_blinky_pca10040_s132 Release/Obj/ble_conn_params.o
 .text.ble_conn_params_init
                0x0000000000029e2c       0x74 Output/ble_app_blinky_pca10040_s132 Release/Obj/ble_conn_params.o
                0x0000000000029e2c                ble_conn_params_init
 .text.flag_toggle
                0x0000000000029ea0        0xa Output/ble_app_blinky_pca10040_s132 Release/Obj/ble_conn_state.o
 .text.conn_handle_list_get
                0x0000000000029eaa       0x2e Output/ble_app_blinky_pca10040_s132 Release/Obj/ble_conn_state.o
                0x0000000000029eaa                conn_handle_list_get
 .text.ble_evt_handler
                0x0000000000029ed8      0x104 Output/ble_app_blinky_pca10040_s132 Release/Obj/ble_conn_state.o
 .text.sd_ble_gatts_characteristic_add
                0x0000000000029fdc        0x4 Output/ble_app_blinky_pca10040_s132 Release/Obj/ble_srv_common.o
 .text.set_security_req
                0x0000000000029fe0       0x2a Output/ble_app_blinky_pca10040_s132 Release/Obj/ble_srv_common.o
 .text.ble_srv_is_notification_enabled
                0x000000000002a00a        0x8 Output/ble_app_blinky_pca10040_s132 Release/Obj/ble_srv_common.o
                0x000000000002a00a                ble_srv_is_notification_enabled
 .text.characteristic_add
                0x000000000002a012      0x148 Output/ble_app_blinky_pca10040_s132 Release/Obj/ble_srv_common.o
                0x000000000002a012                characteristic_add
 .text.sd_ble_gap_data_length_update
                0x000000000002a15a        0x4 Output/ble_app_blinky_pca10040_s132 Release/Obj/nrf_ble_gatt.o
 .text.sd_ble_gattc_exchange_mtu_request
                0x000000000002a15e        0x4 Output/ble_app_blinky_pca10040_s132 Release/Obj/nrf_ble_gatt.o
 .text.sd_ble_gatts_exchange_mtu_reply
                0x000000000002a162        0x4 Output/ble_app_blinky_pca10040_s132 Release/Obj/nrf_ble_gatt.o
 *fill*         0x000000000002a166        0x2 
 .text.data_length_update
                0x000000000002a168       0x80 Output/ble_app_blinky_pca10040_s132 Release/Obj/nrf_ble_gatt.o
 .text.nrf_ble_gatt_init
                0x000000000002a1e8       0x26 Output/ble_app_blinky_pca10040_s132 Release/Obj/nrf_ble_gatt.o
                0x000000000002a1e8                nrf_ble_gatt_init
 *fill*         0x000000000002a20e        0x2 
 .text.nrf_ble_gatt_on_ble_evt
                0x000000000002a210      0x198 Output/ble_app_blinky_pca10040_s132 Release/Obj/nrf_ble_gatt.o
                0x000000000002a210                nrf_ble_gatt_on_ble_evt
 .text.sd_ble_gatts_rw_authorize_reply
                0x000000000002a3a8        0x4 Output/ble_app_blinky_pca10040_s132 Release/Obj/nrf_ble_qwr.o
 .text.sd_ble_user_mem_reply
                0x000000000002a3ac        0x4 Output/ble_app_blinky_pca10040_s132 Release/Obj/nrf_ble_qwr.o
 .text.user_mem_reply.part.0
                0x000000000002a3b0       0x24 Output/ble_app_blinky_pca10040_s132 Release/Obj/nrf_ble_qwr.o
 .text.nrf_ble_qwr_init
                0x000000000002a3d4       0x24 Output/ble_app_blinky_pca10040_s132 Release/Obj/nrf_ble_qwr.o
                0x000000000002a3d4                nrf_ble_qwr_init
 .text.nrf_ble_qwr_conn_handle_assign
                0x000000000002a3f8       0x16 Output/ble_app_blinky_pca10040_s132 Release/Obj/nrf_ble_qwr.o
                0x000000000002a3f8                nrf_ble_qwr_conn_handle_assign
 .text.nrf_ble_qwr_on_ble_evt
                0x000000000002a40e       0xa0 Output/ble_app_blinky_pca10040_s132 Release/Obj/nrf_ble_qwr.o
                0x000000000002a40e                nrf_ble_qwr_on_ble_evt
 .text.sd_ble_gatts_service_add
                0x000000000002a4ae        0x4 Output/ble_app_blinky_pca10040_s132 Release/Obj/ble_lbs.o
 .text.sd_ble_gatts_hvx
                0x000000000002a4b2        0x4 Output/ble_app_blinky_pca10040_s132 Release/Obj/ble_lbs.o
 .text.sd_ble_uuid_vs_add
                0x000000000002a4b6        0x4 Output/ble_app_blinky_pca10040_s132 Release/Obj/ble_lbs.o
 .text.ble_lbs_on_ble_evt
                0x000000000002a4ba       0x2a Output/ble_app_blinky_pca10040_s132 Release/Obj/ble_lbs.o
                0x000000000002a4ba                ble_lbs_on_ble_evt
 .text.ble_lbs_init
                0x000000000002a4e4       0xdc Output/ble_app_blinky_pca10040_s132 Release/Obj/ble_lbs.o
                0x000000000002a4e4                ble_lbs_init
 .text.ble_lbs_on_button_change
                0x000000000002a5c0       0x40 Output/ble_app_blinky_pca10040_s132 Release/Obj/ble_lbs.o
                0x000000000002a5c0                ble_lbs_on_button_change
 .text.sd_softdevice_enable
                0x000000000002a600        0x4 Output/ble_app_blinky_pca10040_s132 Release/Obj/nrf_sdh.o
 .text.sdh_request_observer_notify
                0x000000000002a604       0x30 Output/ble_app_blinky_pca10040_s132 Release/Obj/nrf_sdh.o
 .text.sdh_state_observer_notify
                0x000000000002a634       0x28 Output/ble_app_blinky_pca10040_s132 Release/Obj/nrf_sdh.o
 .text.softdevices_evt_irq_enable
                0x000000000002a65c       0x38 Output/ble_app_blinky_pca10040_s132 Release/Obj/nrf_sdh.o
 .text.nrf_sdh_enable_request
                0x000000000002a694       0x7c Output/ble_app_blinky_pca10040_s132 Release/Obj/nrf_sdh.o
                0x000000000002a694                nrf_sdh_enable_request
 .text.nrf_sdh_is_enabled
                0x000000000002a710        0xc Output/ble_app_blinky_pca10040_s132 Release/Obj/nrf_sdh.o
                0x000000000002a710                nrf_sdh_is_enabled
 .text.nrf_sdh_evts_poll
                0x000000000002a71c       0x28 Output/ble_app_blinky_pca10040_s132 Release/Obj/nrf_sdh.o
                0x000000000002a71c                nrf_sdh_evts_poll
 .text.SWI2_EGU2_IRQHandler
                0x000000000002a744        0x4 Output/ble_app_blinky_pca10040_s132 Release/Obj/nrf_sdh.o
                0x000000000002a744                SWI2_EGU2_IRQHandler
 .text.sd_ble_enable
                0x000000000002a748        0x4 Output/ble_app_blinky_pca10040_s132 Release/Obj/nrf_sdh_ble.o
 .text.sd_ble_cfg_set
                0x000000000002a74c        0x4 Output/ble_app_blinky_pca10040_s132 Release/Obj/nrf_sdh_ble.o
 .text.sd_ble_evt_get
                0x000000000002a750        0x4 Output/ble_app_blinky_pca10040_s132 Release/Obj/nrf_sdh_ble.o
 .text.nrf_sdh_ble_evts_poll
                0x000000000002a754       0x50 Output/ble_app_blinky_pca10040_s132 Release/Obj/nrf_sdh_ble.o
 .text.nrf_sdh_ble_default_cfg_set
                0x000000000002a7a4      0x164 Output/ble_app_blinky_pca10040_s132 Release/Obj/nrf_sdh_ble.o
                0x000000000002a7a4                nrf_sdh_ble_default_cfg_set
 .text.nrf_sdh_ble_enable
                0x000000000002a908       0x94 Output/ble_app_blinky_pca10040_s132 Release/Obj/nrf_sdh_ble.o
                0x000000000002a908                nrf_sdh_ble_enable
 .text.sd_evt_get
                0x000000000002a99c        0x4 Output/ble_app_blinky_pca10040_s132 Release/Obj/nrf_sdh_soc.o
 .text.nrf_sdh_soc_evts_poll
                0x000000000002a9a0       0x3c Output/ble_app_blinky_pca10040_s132 Release/Obj/nrf_sdh_soc.o
 .text.libc.__RAL_ascii_isctype
                0x000000000002a9dc       0x1c C:/Program Files/SEGGER/SEGGER Embedded Studio for ARM 4.22/lib/libc_v7em_fpv4_sp_d16_hard_t_le_eabi.a(libc2.o)
 .text.libc.__RAL_ascii_toupper
                0x000000000002a9f8        0xc C:/Program Files/SEGGER/SEGGER Embedded Studio for ARM 4.22/lib/libc_v7em_fpv4_sp_d16_hard_t_le_eabi.a(libc2.o)
 .text.libc.__RAL_ascii_tolower
                0x000000000002aa04        0xc C:/Program Files/SEGGER/SEGGER Embedded Studio for ARM 4.22/lib/libc_v7em_fpv4_sp_d16_hard_t_le_eabi.a(libc2.o)
 .text.libc.__RAL_ascii_iswctype
                0x000000000002aa10       0x1c C:/Program Files/SEGGER/SEGGER Embedded Studio for ARM 4.22/lib/libc_v7em_fpv4_sp_d16_hard_t_le_eabi.a(libc2.o)
 .text.libc.__RAL_ascii_towupper
                0x000000000002aa2c        0xc C:/Program Files/SEGGER/SEGGER Embedded Studio for ARM 4.22/lib/libc_v7em_fpv4_sp_d16_hard_t_le_eabi.a(libc2.o)
 .text.libc.__RAL_ascii_towlower
                0x000000000002aa38        0xc C:/Program Files/SEGGER/SEGGER Embedded Studio for ARM 4.22/lib/libc_v7em_fpv4_sp_d16_hard_t_le_eabi.a(libc2.o)
 .text.libc.__RAL_ascii_wctomb
                0x000000000002aa44        0xe C:/Program Files/SEGGER/SEGGER Embedded Studio for ARM 4.22/lib/libc_v7em_fpv4_sp_d16_hard_t_le_eabi.a(libc2.o)
                0x000000000002aa44                __RAL_ascii_wctomb
 .text.libc.__RAL_ascii_mbtowc
                0x000000000002aa52       0x24 C:/Program Files/SEGGER/SEGGER Embedded Studio for ARM 4.22/lib/libc_v7em_fpv4_sp_d16_hard_t_le_eabi.a(libc2.o)
                0x000000000002aa52                __RAL_ascii_mbtowc
 *fill*         0x000000000002aa76        0x2 
 .text.libc.__RAL_isctype
                0x000000000002aa78       0x14 C:/Program Files/SEGGER/SEGGER Embedded Studio for ARM 4.22/lib/libc_v7em_fpv4_sp_d16_hard_t_le_eabi.a(libc2.o)
                0x000000000002aa78                __RAL_isctype
 .text.libc.isprint
                0x000000000002aa8c        0xa C:/Program Files/SEGGER/SEGGER Embedded Studio for ARM 4.22/lib/libc_v7em_fpv4_sp_d16_hard_t_le_eabi.a(libc2.o)
                0x000000000002aa8c                isprint
 .text.libc.memcpy
                0x000000000002aa96       0x52 C:/Program Files/SEGGER/SEGGER Embedded Studio for ARM 4.22/lib/libc_v7em_fpv4_sp_d16_hard_t_le_eabi.a(libc2_asm.o)
                0x000000000002aa96                __aeabi_memcpy
                0x000000000002aa96                memcpy
                0x000000000002aaa2                __aeabi_memcpy8
                0x000000000002aaa2                __aeabi_memcpy4
 .text.libc.memset
                0x000000000002aae8       0x66 C:/Program Files/SEGGER/SEGGER Embedded Studio for ARM 4.22/lib/libc_v7em_fpv4_sp_d16_hard_t_le_eabi.a(libc2_asm.o)
                0x000000000002aae8                memset
 .text.libc.strlen
                0x000000000002ab4e       0x60 C:/Program Files/SEGGER/SEGGER Embedded Studio for ARM 4.22/lib/libc_v7em_fpv4_sp_d16_hard_t_le_eabi.a(libc2_asm.o)
                0x000000000002ab4e                strlen
                0x000000000002abae                __text_end__ = (__text_start__ + SIZEOF (.text))
                0x00000000000047de                __text_size__ = SIZEOF (.text)
                0x000000000002abae                __text_load_end__ = __text_end__

.vfp11_veneer   0x0000000100000000        0x0
 .vfp11_veneer  0x0000000100000000        0x0 linker stubs

.v4_bx          0x0000000100000000        0x0
 .v4_bx         0x0000000100000000        0x0 linker stubs

.iplt           0x0000000100000000        0x0
 .iplt          0x0000000100000000        0x0 Output/ble_app_blinky_pca10040_s132 Release/Obj/thumb_crt0.o
                0x0000000000000001                . = ASSERT (((__text_start__ == __text_end__) || ((__text_end__ - __FLASH_segment_start__) <= __FLASH_segment_size__)), error: .text is too large to fit in FLASH memory segment)
                0x000000000002abb0                __sdh_soc_observers_load_start__ = ALIGN (__text_end__, 0x4)

.sdh_soc_observers
                0x000000000002abb0        0x8
                0x000000000002abb0                __sdh_soc_observers_start__ = .
                0x000000000002abb0                __start_sdh_soc_observers = __sdh_soc_observers_start__
 *(SORT_BY_NAME(.sdh_soc_observers*))
 .sdh_soc_observers0
                0x000000000002abb0        0x8 Output/ble_app_blinky_pca10040_s132 Release/Obj/nrf_drv_clock.o
                0x000000000002abb8                __sdh_soc_observers_end__ = (__sdh_soc_observers_start__ + SIZEOF (.sdh_soc_observers))
                0x0000000000000008                __sdh_soc_observers_size__ = SIZEOF (.sdh_soc_observers)
                0x000000000002abb8                __stop_sdh_soc_observers = __sdh_soc_observers_end__
                0x000000000002abb8                __sdh_soc_observers_load_end__ = __sdh_soc_observers_end__
                0x0000000000000001                . = ASSERT (((__sdh_soc_observers_start__ == __sdh_soc_observers_end__) || ((__sdh_soc_observers_end__ - __FLASH_segment_start__) <= __FLASH_segment_size__)), error: .sdh_soc_observers is too large to fit in FLASH memory segment)
                0x000000000002abb8                __pwr_mgmt_data_load_start__ = ALIGN (__sdh_soc_observers_end__, 0x4)

.pwr_mgmt_data  0x000000000002abb8        0x0
                0x000000000002abb8                __pwr_mgmt_data_start__ = .
                0x000000000002abb8                __start_pwr_mgmt_data = __pwr_mgmt_data_start__
 *(SORT_BY_NAME(.pwr_mgmt_data*))
                0x000000000002abb8                __pwr_mgmt_data_end__ = (__pwr_mgmt_data_start__ + SIZEOF (.pwr_mgmt_data))
                0x0000000000000000                __pwr_mgmt_data_size__ = SIZEOF (.pwr_mgmt_data)
                0x000000000002abb8                __stop_pwr_mgmt_data = __pwr_mgmt_data_end__
                0x000000000002abb8                __pwr_mgmt_data_load_end__ = __pwr_mgmt_data_end__
                0x0000000000000001                . = ASSERT (((__pwr_mgmt_data_start__ == __pwr_mgmt_data_end__) || ((__pwr_mgmt_data_end__ - __FLASH_segment_start__) <= __FLASH_segment_size__)), error: .pwr_mgmt_data is too large to fit in FLASH memory segment)
                0x000000000002abb8                __sdh_ble_observers_load_start__ = ALIGN (__pwr_mgmt_data_end__, 0x4)

.sdh_ble_observers
                0x000000000002abb8       0x30
                0x000000000002abb8                __sdh_ble_observers_start__ = .
                0x000000000002abb8                __start_sdh_ble_observers = __sdh_ble_observers_start__
 *(SORT_BY_NAME(.sdh_ble_observers*))
 .sdh_ble_observers0
                0x000000000002abb8        0x8 Output/ble_app_blinky_pca10040_s132 Release/Obj/ble_conn_state.o
 .sdh_ble_observers1
                0x000000000002abc0        0x8 Output/ble_app_blinky_pca10040_s132 Release/Obj/main.o
 .sdh_ble_observers1
                0x000000000002abc8        0x8 Output/ble_app_blinky_pca10040_s132 Release/Obj/ble_conn_params.o
 .sdh_ble_observers2
                0x000000000002abd0       0x10 Output/ble_app_blinky_pca10040_s132 Release/Obj/main.o
 .sdh_ble_observers3
                0x000000000002abe0        0x8 Output/ble_app_blinky_pca10040_s132 Release/Obj/main.o
                0x000000000002abe8                __sdh_ble_observers_end__ = (__sdh_ble_observers_start__ + SIZEOF (.sdh_ble_observers))
                0x0000000000000030                __sdh_ble_observers_size__ = SIZEOF (.sdh_ble_observers)
                0x000000000002abe8                __stop_sdh_ble_observers = __sdh_ble_observers_end__
                0x000000000002abe8                __sdh_ble_observers_load_end__ = __sdh_ble_observers_end__
                0x0000000000000001                . = ASSERT (((__sdh_ble_observers_start__ == __sdh_ble_observers_end__) || ((__sdh_ble_observers_end__ - __FLASH_segment_start__) <= __FLASH_segment_size__)), error: .sdh_ble_observers is too large to fit in FLASH memory segment)
                0x000000000002abe8                __sdh_state_observers_load_start__ = ALIGN (__sdh_ble_observers_end__, 0x4)

.sdh_state_observers
                0x000000000002abe8        0x8
                0x000000000002abe8                __sdh_state_observers_start__ = .
                0x000000000002abe8                __start_sdh_state_observers = __sdh_state_observers_start__
 *(SORT_BY_NAME(.sdh_state_observers*))
 .sdh_state_observers0
                0x000000000002abe8        0x8 Output/ble_app_blinky_pca10040_s132 Release/Obj/nrf_drv_clock.o
                0x000000000002abf0                __sdh_state_observers_end__ = (__sdh_state_observers_start__ + SIZEOF (.sdh_state_observers))
                0x0000000000000008                __sdh_state_observers_size__ = SIZEOF (.sdh_state_observers)
                0x000000000002abf0                __stop_sdh_state_observers = __sdh_state_observers_end__
                0x000000000002abf0                __sdh_state_observers_load_end__ = __sdh_state_observers_end__
                0x0000000000000001                . = ASSERT (((__sdh_state_observers_start__ == __sdh_state_observers_end__) || ((__sdh_state_observers_end__ - __FLASH_segment_start__) <= __FLASH_segment_size__)), error: .sdh_state_observers is too large to fit in FLASH memory segment)
                0x000000000002abf0                __sdh_stack_observers_load_start__ = ALIGN (__sdh_state_observers_end__, 0x4)

.sdh_stack_observers
                0x000000000002abf0       0x10
                0x000000000002abf0                __sdh_stack_observers_start__ = .
                0x000000000002abf0                __start_sdh_stack_observers = __sdh_stack_observers_start__
 *(SORT_BY_NAME(.sdh_stack_observers*))
 .sdh_stack_observers0
                0x000000000002abf0        0x8 Output/ble_app_blinky_pca10040_s132 Release/Obj/nrf_sdh_ble.o
 .sdh_stack_observers0
                0x000000000002abf8        0x8 Output/ble_app_blinky_pca10040_s132 Release/Obj/nrf_sdh_soc.o
                0x000000000002ac00                __sdh_stack_observers_end__ = (__sdh_stack_observers_start__ + SIZEOF (.sdh_stack_observers))
                0x0000000000000010                __sdh_stack_observers_size__ = SIZEOF (.sdh_stack_observers)
                0x000000000002ac00                __stop_sdh_stack_observers = __sdh_stack_observers_end__
                0x000000000002ac00                __sdh_stack_observers_load_end__ = __sdh_stack_observers_end__
                0x0000000000000001                . = ASSERT (((__sdh_stack_observers_start__ == __sdh_stack_observers_end__) || ((__sdh_stack_observers_end__ - __FLASH_segment_start__) <= __FLASH_segment_size__)), error: .sdh_stack_observers is too large to fit in FLASH memory segment)
                0x000000000002ac00                __sdh_req_observers_load_start__ = ALIGN (__sdh_stack_observers_end__, 0x4)

.sdh_req_observers
                0x000000000002ac00        0x0
                0x000000000002ac00                __sdh_req_observers_start__ = .
                0x000000000002ac00                __start_sdh_req_observers = __sdh_req_observers_start__
 *(SORT_BY_NAME(.sdh_req_observers*))
                0x000000000002ac00                __sdh_req_observers_end__ = (__sdh_req_observers_start__ + SIZEOF (.sdh_req_observers))
                0x0000000000000000                __sdh_req_observers_size__ = SIZEOF (.sdh_req_observers)
                0x000000000002ac00                __stop_sdh_req_observers = __sdh_req_observers_end__
                0x000000000002ac00                __sdh_req_observers_load_end__ = __sdh_req_observers_end__
                0x0000000000000001                . = ASSERT (((__sdh_req_observers_start__ == __sdh_req_observers_end__) || ((__sdh_req_observers_end__ - __FLASH_segment_start__) <= __FLASH_segment_size__)), error: .sdh_req_observers is too large to fit in FLASH memory segment)
                0x000000000002ac00                __nrf_queue_load_start__ = ALIGN (__sdh_req_observers_end__, 0x4)

.nrf_queue      0x000000000002ac00        0x0
                0x000000000002ac00                __nrf_queue_start__ = .
                0x000000000002ac00                __start_nrf_queue = __nrf_queue_start__
 *(.nrf_queue*)
                0x000000000002ac00                __nrf_queue_end__ = (__nrf_queue_start__ + SIZEOF (.nrf_queue))
                0x0000000000000000                __nrf_queue_size__ = SIZEOF (.nrf_queue)
                0x000000000002ac00                __stop_nrf_queue = __nrf_queue_end__
                0x000000000002ac00                __nrf_queue_load_end__ = __nrf_queue_end__
                0x0000000000000001                . = ASSERT (((__nrf_queue_start__ == __nrf_queue_end__) || ((__nrf_queue_end__ - __FLASH_segment_start__) <= __FLASH_segment_size__)), error: .nrf_queue is too large to fit in FLASH memory segment)
                0x000000000002ac00                __nrf_balloc_load_start__ = ALIGN (__nrf_queue_end__, 0x4)

.nrf_balloc     0x000000000002ac00       0x14
                0x000000000002ac00                __nrf_balloc_start__ = .
                0x000000000002ac00                __start_nrf_balloc = __nrf_balloc_start__
 *(.nrf_balloc*)
 .nrf_balloc    0x000000000002ac00       0x14 Output/ble_app_blinky_pca10040_s132 Release/Obj/nrf_log_frontend.o
                0x000000000002ac00                log_mempool
                0x000000000002ac14                __nrf_balloc_end__ = (__nrf_balloc_start__ + SIZEOF (.nrf_balloc))
                0x0000000000000014                __nrf_balloc_size__ = SIZEOF (.nrf_balloc)
                0x000000000002ac14                __stop_nrf_balloc = __nrf_balloc_end__
                0x000000000002ac14                __nrf_balloc_load_end__ = __nrf_balloc_end__
                0x0000000000000001                . = ASSERT (((__nrf_balloc_start__ == __nrf_balloc_end__) || ((__nrf_balloc_end__ - __FLASH_segment_start__) <= __FLASH_segment_size__)), error: .nrf_balloc is too large to fit in FLASH memory segment)
                0x000000000002ac14                __cli_command_load_start__ = ALIGN (__nrf_balloc_end__, 0x4)

.cli_command    0x000000000002ac14        0x0
                0x000000000002ac14                __cli_command_start__ = .
                0x000000000002ac14                __start_cli_command = __cli_command_start__
 *(.cli_command*)
                0x000000000002ac14                __cli_command_end__ = (__cli_command_start__ + SIZEOF (.cli_command))
                0x0000000000000000                __cli_command_size__ = SIZEOF (.cli_command)
                0x000000000002ac14                __stop_cli_command = __cli_command_end__
                0x000000000002ac14                __cli_command_load_end__ = __cli_command_end__
                0x0000000000000001                . = ASSERT (((__cli_command_start__ == __cli_command_end__) || ((__cli_command_end__ - __FLASH_segment_start__) <= __FLASH_segment_size__)), error: .cli_command is too large to fit in FLASH memory segment)
                0x000000000002ac14                __crypto_data_load_start__ = ALIGN (__cli_command_end__, 0x4)

.crypto_data    0x000000000002ac14        0x0
                0x000000000002ac14                __crypto_data_start__ = .
                0x000000000002ac14                __start_crypto_data = __crypto_data_start__
 *(SORT_BY_NAME(.crypto_data*))
                0x000000000002ac14                __crypto_data_end__ = (__crypto_data_start__ + SIZEOF (.crypto_data))
                0x0000000000000000                __crypto_data_size__ = SIZEOF (.crypto_data)
                0x000000000002ac14                __stop_crypto_data = __crypto_data_end__
                0x000000000002ac14                __crypto_data_load_end__ = __crypto_data_end__
                0x0000000000000001                . = ASSERT (((__crypto_data_start__ == __crypto_data_end__) || ((__crypto_data_end__ - __FLASH_segment_start__) <= __FLASH_segment_size__)), error: .crypto_data is too large to fit in FLASH memory segment)
                0x000000000002ac14                __log_const_data_load_start__ = ALIGN (__crypto_data_end__, 0x4)

.log_const_data
                0x000000000002ac14       0x78
                0x000000000002ac14                __log_const_data_start__ = .
                0x000000000002ac14                __start_log_const_data = __log_const_data_start__
 *(SORT_BY_NAME(.log_const_data*))
 .log_const_data_CLOCK
                0x000000000002ac14        0x8 Output/ble_app_blinky_pca10040_s132 Release/Obj/nrfx_clock.o
                0x000000000002ac14                m_nrf_log_CLOCK_logs_data_const
 .log_const_data_GPIOTE
                0x000000000002ac1c        0x8 Output/ble_app_blinky_pca10040_s132 Release/Obj/nrfx_gpiote.o
                0x000000000002ac1c                m_nrf_log_GPIOTE_logs_data_const
 .log_const_data_PRS
                0x000000000002ac24        0x8 Output/ble_app_blinky_pca10040_s132 Release/Obj/nrfx_prs.o
                0x000000000002ac24                m_nrf_log_PRS_logs_data_const
 .log_const_data_UART
                0x000000000002ac2c        0x8 Output/ble_app_blinky_pca10040_s132 Release/Obj/nrfx_uart.o
                0x000000000002ac2c                m_nrf_log_UART_logs_data_const
 .log_const_data_UARTE
                0x000000000002ac34        0x8 Output/ble_app_blinky_pca10040_s132 Release/Obj/nrfx_uarte.o
                0x000000000002ac34                m_nrf_log_UARTE_logs_data_const
 .log_const_data_app
                0x000000000002ac3c        0x8 Output/ble_app_blinky_pca10040_s132 Release/Obj/nrf_log_frontend.o
                0x000000000002ac3c                m_nrf_log_app_logs_data_const
 .log_const_data_app_button
                0x000000000002ac44        0x8 Output/ble_app_blinky_pca10040_s132 Release/Obj/app_button.o
                0x000000000002ac44                m_nrf_log_app_button_logs_data_const
 .log_const_data_app_timer
                0x000000000002ac4c        0x8 Output/ble_app_blinky_pca10040_s132 Release/Obj/app_timer2.o
                0x000000000002ac4c                m_nrf_log_app_timer_logs_data_const
 .log_const_data_clock
                0x000000000002ac54        0x8 Output/ble_app_blinky_pca10040_s132 Release/Obj/nrf_drv_clock.o
                0x000000000002ac54                m_nrf_log_clock_logs_data_const
 .log_const_data_nrf_ble_gatt
                0x000000000002ac5c        0x8 Output/ble_app_blinky_pca10040_s132 Release/Obj/nrf_ble_gatt.o
                0x000000000002ac5c                m_nrf_log_nrf_ble_gatt_logs_data_const
 .log_const_data_nrf_sdh
                0x000000000002ac64        0x8 Output/ble_app_blinky_pca10040_s132 Release/Obj/nrf_sdh.o
                0x000000000002ac64                m_nrf_log_nrf_sdh_logs_data_const
 .log_const_data_nrf_sdh_ble
                0x000000000002ac6c        0x8 Output/ble_app_blinky_pca10040_s132 Release/Obj/nrf_sdh_ble.o
                0x000000000002ac6c                m_nrf_log_nrf_sdh_ble_logs_data_const
 .log_const_data_nrf_sdh_soc
                0x000000000002ac74        0x8 Output/ble_app_blinky_pca10040_s132 Release/Obj/nrf_sdh_soc.o
                0x000000000002ac74                m_nrf_log_nrf_sdh_soc_logs_data_const
 .log_const_data_pwr_mgmt
                0x000000000002ac7c        0x8 Output/ble_app_blinky_pca10040_s132 Release/Obj/nrf_pwr_mgmt.o
                0x000000000002ac7c                m_nrf_log_pwr_mgmt_logs_data_const
 .log_const_data_sortlist
                0x000000000002ac84        0x8 Output/ble_app_blinky_pca10040_s132 Release/Obj/nrf_sortlist.o
                0x000000000002ac84                m_nrf_log_sortlist_logs_data_const
                0x000000000002ac8c                __log_const_data_end__ = (__log_const_data_start__ + SIZEOF (.log_const_data))
                0x0000000000000078                __log_const_data_size__ = SIZEOF (.log_const_data)
                0x000000000002ac8c                __stop_log_const_data = __log_const_data_end__
                0x000000000002ac8c                __log_const_data_load_end__ = __log_const_data_end__
                0x0000000000000001                . = ASSERT (((__log_const_data_start__ == __log_const_data_end__) || ((__log_const_data_end__ - __FLASH_segment_start__) <= __FLASH_segment_size__)), error: .log_const_data is too large to fit in FLASH memory segment)
                0x000000000002ac8c                __log_backends_load_start__ = ALIGN (__log_const_data_end__, 0x4)

.log_backends   0x000000000002ac8c       0x10
                0x000000000002ac8c                __log_backends_start__ = .
                0x000000000002ac8c                __start_log_backends = __log_backends_start__
 *(SORT_BY_NAME(.log_backends*))
 .log_backends  0x000000000002ac8c       0x10 Output/ble_app_blinky_pca10040_s132 Release/Obj/nrf_log_default_backends.o
                0x000000000002ac9c                __log_backends_end__ = (__log_backends_start__ + SIZEOF (.log_backends))
                0x0000000000000010                __log_backends_size__ = SIZEOF (.log_backends)
                0x000000000002ac9c                __stop_log_backends = __log_backends_end__
                0x000000000002ac9c                __log_backends_load_end__ = __log_backends_end__
                0x0000000000000001                . = ASSERT (((__log_backends_start__ == __log_backends_end__) || ((__log_backends_end__ - __FLASH_segment_start__) <= __FLASH_segment_size__)), error: .log_backends is too large to fit in FLASH memory segment)
                0x000000000002ac9c                __nrf_sections_load_start__ = ALIGN (__log_backends_end__, 0x4)

.nrf_sections   0x000000000002ac9c        0x0
                0x000000000002ac9c                __nrf_sections_start__ = .
                0x000000000002ac9c                __start_nrf_sections = __nrf_sections_start__
 *(.nrf_sections .nrf_sections.*)
                0x000000000002ac9c                __nrf_sections_end__ = (__nrf_sections_start__ + SIZEOF (.nrf_sections))
                0x0000000000000000                __nrf_sections_size__ = SIZEOF (.nrf_sections)
                0x000000000002ac9c                __nrf_sections_load_end__ = __nrf_sections_end__
                0x0000000000000001                . = ASSERT (((__nrf_sections_start__ == __nrf_sections_end__) || ((__nrf_sections_end__ - __FLASH_segment_start__) <= __FLASH_segment_size__)), error: .nrf_sections is too large to fit in FLASH memory segment)
                0x000000000002ac9c                __cli_sorted_cmd_ptrs_load_start__ = ALIGN (__nrf_sections_end__, 0x4)

.cli_sorted_cmd_ptrs
                0x00000000200022f0        0x0 load address 0x000000000002ac9c
                0x00000000200022f0                __cli_sorted_cmd_ptrs_start__ = .
 *(.cli_sorted_cmd_ptrs*)
                0x00000000200022f0                __cli_sorted_cmd_ptrs_end__ = (__cli_sorted_cmd_ptrs_start__ + SIZEOF (.cli_sorted_cmd_ptrs))
                0x0000000000000000                __cli_sorted_cmd_ptrs_size__ = SIZEOF (.cli_sorted_cmd_ptrs)
                0x000000000002ac9c                __cli_sorted_cmd_ptrs_load_end__ = (__cli_sorted_cmd_ptrs_load_start__ + SIZEOF (.cli_sorted_cmd_ptrs))
                0x0000000000000001                . = ASSERT (((__cli_sorted_cmd_ptrs_load_start__ == __cli_sorted_cmd_ptrs_load_end__) || ((__cli_sorted_cmd_ptrs_load_end__ - __FLASH_segment_start__) <= __FLASH_segment_size__)), error: .cli_sorted_cmd_ptrs is too large to fit in FLASH memory segment)

.cli_sorted_cmd_ptrs_run
                0x00000000200022f0        0x0
                0x00000000200022f0                __cli_sorted_cmd_ptrs_run_start__ = .
                0x00000000200022f0                __start_cli_sorted_cmd_ptrs = __cli_sorted_cmd_ptrs_run_start__
                0x00000000200022f0                . = MAX ((__cli_sorted_cmd_ptrs_run_start__ + SIZEOF (.cli_sorted_cmd_ptrs)), .)
                0x00000000200022f0                __cli_sorted_cmd_ptrs_run_end__ = (__cli_sorted_cmd_ptrs_run_start__ + SIZEOF (.cli_sorted_cmd_ptrs_run))
                0x0000000000000000                __cli_sorted_cmd_ptrs_run_size__ = SIZEOF (.cli_sorted_cmd_ptrs_run)
                0x00000000200022f0                __stop_cli_sorted_cmd_ptrs = __cli_sorted_cmd_ptrs_run_end__
                0x00000000200022f0                __cli_sorted_cmd_ptrs_run_load_end__ = __cli_sorted_cmd_ptrs_run_end__
                0x0000000000000001                . = ASSERT (((__cli_sorted_cmd_ptrs_run_start__ == __cli_sorted_cmd_ptrs_run_end__) || ((__cli_sorted_cmd_ptrs_run_end__ - __RAM_segment_start__) <= __RAM_segment_size__)), error: .cli_sorted_cmd_ptrs_run is too large to fit in RAM memory segment)
                0x000000000002ac9c                __fs_data_load_start__ = ALIGN ((__cli_sorted_cmd_ptrs_load_start__ + SIZEOF (.cli_sorted_cmd_ptrs)), 0x4)

.fs_data        0x00000000200022f0        0x0 load address 0x000000000002ac9c
                0x00000000200022f0                __fs_data_start__ = .
 *(.fs_data*)
                0x00000000200022f0                __fs_data_end__ = (__fs_data_start__ + SIZEOF (.fs_data))
                0x0000000000000000                __fs_data_size__ = SIZEOF (.fs_data)
                0x000000000002ac9c                __fs_data_load_end__ = (__fs_data_load_start__ + SIZEOF (.fs_data))
                0x0000000000000001                . = ASSERT (((__fs_data_load_start__ == __fs_data_load_end__) || ((__fs_data_load_end__ - __FLASH_segment_start__) <= __FLASH_segment_size__)), error: .fs_data is too large to fit in FLASH memory segment)

.fs_data_run    0x00000000200022f0        0x0
                0x00000000200022f0                __fs_data_run_start__ = .
                0x00000000200022f0                __start_fs_data = __fs_data_run_start__
                0x00000000200022f0                . = MAX ((__fs_data_run_start__ + SIZEOF (.fs_data)), .)
                0x00000000200022f0                __fs_data_run_end__ = (__fs_data_run_start__ + SIZEOF (.fs_data_run))
                0x0000000000000000                __fs_data_run_size__ = SIZEOF (.fs_data_run)
                0x00000000200022f0                __stop_fs_data = __fs_data_run_end__
                0x00000000200022f0                __fs_data_run_load_end__ = __fs_data_run_end__
                0x0000000000000001                . = ASSERT (((__fs_data_run_start__ == __fs_data_run_end__) || ((__fs_data_run_end__ - __RAM_segment_start__) <= __RAM_segment_size__)), error: .fs_data_run is too large to fit in RAM memory segment)
                0x000000000002ac9c                __log_dynamic_data_load_start__ = ALIGN ((__fs_data_load_start__ + SIZEOF (.fs_data)), 0x4)

.log_dynamic_data
                0x00000000200022f0        0x0 load address 0x000000000002ac9c
                0x00000000200022f0                __log_dynamic_data_start__ = .
 *(SORT_BY_NAME(.log_dynamic_data*))
                0x00000000200022f0                __log_dynamic_data_end__ = (__log_dynamic_data_start__ + SIZEOF (.log_dynamic_data))
                0x0000000000000000                __log_dynamic_data_size__ = SIZEOF (.log_dynamic_data)
                0x000000000002ac9c                __log_dynamic_data_load_end__ = (__log_dynamic_data_load_start__ + SIZEOF (.log_dynamic_data))
                0x0000000000000001                . = ASSERT (((__log_dynamic_data_load_start__ == __log_dynamic_data_load_end__) || ((__log_dynamic_data_load_end__ - __FLASH_segment_start__) <= __FLASH_segment_size__)), error: .log_dynamic_data is too large to fit in FLASH memory segment)

.log_dynamic_data_run
                0x00000000200022f0        0x0
                0x00000000200022f0                __log_dynamic_data_run_start__ = .
                0x00000000200022f0                __start_log_dynamic_data = __log_dynamic_data_run_start__
                0x00000000200022f0                . = MAX ((__log_dynamic_data_run_start__ + SIZEOF (.log_dynamic_data)), .)
                0x00000000200022f0                __log_dynamic_data_run_end__ = (__log_dynamic_data_run_start__ + SIZEOF (.log_dynamic_data_run))
                0x0000000000000000                __log_dynamic_data_run_size__ = SIZEOF (.log_dynamic_data_run)
                0x00000000200022f0                __stop_log_dynamic_data = __log_dynamic_data_run_end__
                0x00000000200022f0                __log_dynamic_data_run_load_end__ = __log_dynamic_data_run_end__
                0x0000000000000001                . = ASSERT (((__log_dynamic_data_run_start__ == __log_dynamic_data_run_end__) || ((__log_dynamic_data_run_end__ - __RAM_segment_start__) <= __RAM_segment_size__)), error: .log_dynamic_data_run is too large to fit in RAM memory segment)
                0x000000000002ac9c                __log_filter_data_load_start__ = ALIGN ((__log_dynamic_data_load_start__ + SIZEOF (.log_dynamic_data)), 0x4)

.log_filter_data
                0x00000000200022f0        0x0 load address 0x000000000002ac9c
                0x00000000200022f0                __log_filter_data_start__ = .
 *(SORT_BY_NAME(.log_filter_data*))
                0x00000000200022f0                __log_filter_data_end__ = (__log_filter_data_start__ + SIZEOF (.log_filter_data))
                0x0000000000000000                __log_filter_data_size__ = SIZEOF (.log_filter_data)
                0x000000000002ac9c                __log_filter_data_load_end__ = (__log_filter_data_load_start__ + SIZEOF (.log_filter_data))
                0x0000000000000001                . = ASSERT (((__log_filter_data_load_start__ == __log_filter_data_load_end__) || ((__log_filter_data_load_end__ - __FLASH_segment_start__) <= __FLASH_segment_size__)), error: .log_filter_data is too large to fit in FLASH memory segment)

.log_filter_data_run
                0x00000000200022f0        0x0
                0x00000000200022f0                __log_filter_data_run_start__ = .
                0x00000000200022f0                __start_log_filter_data = __log_filter_data_run_start__
                0x00000000200022f0                . = MAX ((__log_filter_data_run_start__ + SIZEOF (.log_filter_data)), .)
                0x00000000200022f0                __log_filter_data_run_end__ = (__log_filter_data_run_start__ + SIZEOF (.log_filter_data_run))
                0x0000000000000000                __log_filter_data_run_size__ = SIZEOF (.log_filter_data_run)
                0x00000000200022f0                __stop_log_filter_data = __log_filter_data_run_end__
                0x00000000200022f0                __log_filter_data_run_load_end__ = __log_filter_data_run_end__
                0x0000000000000001                . = ASSERT (((__log_filter_data_run_start__ == __log_filter_data_run_end__) || ((__log_filter_data_run_end__ - __RAM_segment_start__) <= __RAM_segment_size__)), error: .log_filter_data_run is too large to fit in RAM memory segment)
                0x00000000200022f0                __nrf_sections_run_end_load_start__ = ALIGN (__log_filter_data_run_end__, 0x4)

.nrf_sections_run_end
                0x00000000200022f0        0x0
                0x00000000200022f0                __nrf_sections_run_end_start__ = .
                0x00000000200022f0                __end_nrf_sections_run = __nrf_sections_run_end_start__
 *(.nrf_sections_run_end .nrf_sections_run_end.*)
                0x00000000200022f0                __nrf_sections_run_end_end__ = (__nrf_sections_run_end_start__ + SIZEOF (.nrf_sections_run_end))
                0x0000000000000000                __nrf_sections_run_end_size__ = SIZEOF (.nrf_sections_run_end)
                0x00000000200022f0                __nrf_sections_run_end_load_end__ = __nrf_sections_run_end_end__
                0x0000000000000001                . = ASSERT (((__nrf_sections_run_end_start__ == __nrf_sections_run_end_end__) || ((__nrf_sections_run_end_end__ - __RAM_segment_start__) <= __RAM_segment_size__)), error: .nrf_sections_run_end is too large to fit in RAM memory segment)
                0x000000000002ac9c                __dtors_load_start__ = ALIGN ((__log_filter_data_load_start__ + SIZEOF (.log_filter_data)), 0x4)

.dtors          0x000000000002ac9c        0x0
                0x000000000002ac9c                __dtors_start__ = .
 *(SORT_BY_NAME(.dtors.*))
 *(.dtors)
 *(.fini_array)
 *(SORT_BY_NAME(.fini_array.*))
                0x000000000002ac9c                __dtors_end__ = (__dtors_start__ + SIZEOF (.dtors))
                0x0000000000000000                __dtors_size__ = SIZEOF (.dtors)
                0x000000000002ac9c                __dtors_load_end__ = __dtors_end__
                0x0000000000000001                . = ASSERT (((__dtors_start__ == __dtors_end__) || ((__dtors_end__ - __FLASH_segment_start__) <= __FLASH_segment_size__)), error: .dtors is too large to fit in FLASH memory segment)
                0x000000000002ac9c                __ctors_load_start__ = ALIGN (__dtors_end__, 0x4)

.ctors          0x000000000002ac9c        0x0
                0x000000000002ac9c                __ctors_start__ = .
 *(SORT_BY_NAME(.ctors.*))
 *(.ctors)
 *(.init_array)
 *(SORT_BY_NAME(.init_array.*))
                0x000000000002ac9c                __ctors_end__ = (__ctors_start__ + SIZEOF (.ctors))
                0x0000000000000000                __ctors_size__ = SIZEOF (.ctors)
                0x000000000002ac9c                __ctors_load_end__ = __ctors_end__
                0x0000000000000001                . = ASSERT (((__ctors_start__ == __ctors_end__) || ((__ctors_end__ - __FLASH_segment_start__) <= __FLASH_segment_size__)), error: .ctors is too large to fit in FLASH memory segment)
                0x000000000002ac9c                __rodata_load_start__ = ALIGN (__ctors_end__, 0x4)

.rodata         0x000000000002ac9c      0xda0
                0x000000000002ac9c                __rodata_start__ = .
 *(.rodata .rodata.* .gnu.linkonce.r.*)
 .rodata        0x000000000002ac9c       0x20 Output/ble_app_blinky_pca10040_s132 Release/Obj/nrf_log_backend_uart.o
 .rodata.nrf_log_backend_uart_api
                0x000000000002acbc        0xc Output/ble_app_blinky_pca10040_s132 Release/Obj/nrf_log_backend_uart.o
                0x000000000002acbc                nrf_log_backend_uart_api
 .rodata.str1.1
                0x000000000002acc8       0x11 Output/ble_app_blinky_pca10040_s132 Release/Obj/nrf_log_default_backends.o
 *fill*         0x000000000002acd9        0x3 
 .rodata.m_log_push_ringbuf
                0x000000000002acdc        0xc Output/ble_app_blinky_pca10040_s132 Release/Obj/nrf_log_frontend.o
 .rodata.nrf_log_frontend_dequeue.str1.1
                0x000000000002ace8       0x11 Output/ble_app_blinky_pca10040_s132 Release/Obj/nrf_log_frontend.o
 .rodata.str1.1
                0x000000000002acf9        0x4 Output/ble_app_blinky_pca10040_s132 Release/Obj/nrf_log_frontend.o
 *fill*         0x000000000002acfd        0x3 
 .rodata.m_colors
                0x000000000002ad00       0x24 Output/ble_app_blinky_pca10040_s132 Release/Obj/nrf_log_str_formatter.o
 .rodata.nrf_log_hexdump_entry_process.str1.1
                0x000000000002ad24        0xf Output/ble_app_blinky_pca10040_s132 Release/Obj/nrf_log_str_formatter.o
                                         0x11 (size before relaxing)
 .rodata.postfix_process.str1.1
                0x000000000002ad33        0x8 Output/ble_app_blinky_pca10040_s132 Release/Obj/nrf_log_str_formatter.o
                                          0xb (size before relaxing)
 .rodata.prefix_process.str1.1
                0x000000000002ad3b       0x2a Output/ble_app_blinky_pca10040_s132 Release/Obj/nrf_log_str_formatter.o
 *fill*         0x000000000002ad65        0x3 
 .rodata.severity_names
                0x000000000002ad68       0x14 Output/ble_app_blinky_pca10040_s132 Release/Obj/nrf_log_str_formatter.o
 .rodata.str1.1
                0x000000000002ad7c       0x4b Output/ble_app_blinky_pca10040_s132 Release/Obj/nrf_log_str_formatter.o
                                         0x51 (size before relaxing)
 *fill*         0x000000000002adc7        0x1 
 .rodata.m_detection_delay_timer_id
                0x000000000002adc8        0x4 Output/ble_app_blinky_pca10040_s132 Release/Obj/app_button.o
 .rodata.str1.1
                0x000000000002adcc        0xb Output/ble_app_blinky_pca10040_s132 Release/Obj/app_button.o
 .rodata.app_error_fault_handler.str1.1
                0x000000000002add7       0x19 Output/ble_app_blinky_pca10040_s132 Release/Obj/app_error_weak.o
 .rodata        0x000000000002adf0        0x4 Output/ble_app_blinky_pca10040_s132 Release/Obj/app_timer2.o
 .rodata.m_app_timer_sortlist
                0x000000000002adf4        0xc Output/ble_app_blinky_pca10040_s132 Release/Obj/app_timer2.o
 .rodata.str1.1
                0x000000000002ae00        0xa Output/ble_app_blinky_pca10040_s132 Release/Obj/app_timer2.o
 *fill*         0x000000000002ae0a        0x6 
 .rodata.delay_machine_code.8005
                0x000000000002ae10        0x6 Output/ble_app_blinky_pca10040_s132 Release/Obj/drv_rtc.o
 .rodata.drv_rtc_init.str1.1
                0x000000000002ae16       0x34 Output/ble_app_blinky_pca10040_s132 Release/Obj/drv_rtc.o
 .rodata._aV2C.7544
                0x000000000002ae4a       0x10 Output/ble_app_blinky_pca10040_s132 Release/Obj/nrf_fprintf_format.o
 *fill*         0x000000000002ae5a        0x2 
 .rodata.pwr_mgmt_data
                0x000000000002ae5c        0xc Output/ble_app_blinky_pca10040_s132 Release/Obj/nrf_pwr_mgmt.o
 .rodata.str1.1
                0x000000000002ae68        0x9 Output/ble_app_blinky_pca10040_s132 Release/Obj/nrf_pwr_mgmt.o
 .rodata.str1.1
                0x000000000002ae71        0x9 Output/ble_app_blinky_pca10040_s132 Release/Obj/nrf_sortlist.o
 .rodata.m_unknown_str
                0x000000000002ae7a       0x13 Output/ble_app_blinky_pca10040_s132 Release/Obj/nrf_strerror.o
 *fill*         0x000000000002ae8d        0x3 
 .rodata.nrf_strerror_array
                0x000000000002ae90      0x128 Output/ble_app_blinky_pca10040_s132 Release/Obj/nrf_strerror.o
 .rodata.str1.1
                0x000000000002afb8      0x3ba Output/ble_app_blinky_pca10040_s132 Release/Obj/nrf_strerror.o
 .rodata.m_board_led_list
                0x000000000002b372        0x4 Output/ble_app_blinky_pca10040_s132 Release/Obj/boards.o
 .rodata.str1.1
                0x000000000002b376        0x6 Output/ble_app_blinky_pca10040_s132 Release/Obj/nrf_drv_clock.o
 .rodata.str1.1
                0x000000000002b37c        0x6 Output/ble_app_blinky_pca10040_s132 Release/Obj/nrfx_clock.o
 .rodata.str1.1
                0x000000000002b382        0x7 Output/ble_app_blinky_pca10040_s132 Release/Obj/nrfx_gpiote.o
 .rodata.str1.1
                0x000000000002b389        0x4 Output/ble_app_blinky_pca10040_s132 Release/Obj/nrfx_prs.o
 .rodata.str1.1
                0x000000000002b38d        0x5 Output/ble_app_blinky_pca10040_s132 Release/Obj/nrfx_uart.o
 .rodata.str1.1
                0x000000000002b392        0x6 Output/ble_app_blinky_pca10040_s132 Release/Obj/nrfx_uarte.o
 .rodata.ble_evt_handler.str1.1
                0x000000000002b398       0x17 Output/ble_app_blinky_pca10040_s132 Release/Obj/main.o
 .rodata.button_event_handler.str1.1
                0x000000000002b3af       0x1a Output/ble_app_blinky_pca10040_s132 Release/Obj/main.o
 .rodata.led_write_handler.str1.1
                0x000000000002b3c9       0x23 Output/ble_app_blinky_pca10040_s132 Release/Obj/main.o
 .rodata.main.str1.1
                0x000000000002b3ec       0x26 Output/ble_app_blinky_pca10040_s132 Release/Obj/main.o
 .rodata.data_length_update.str1.1
                0x000000000002b412       0xdf Output/ble_app_blinky_pca10040_s132 Release/Obj/nrf_ble_gatt.o
 .rodata.nrf_ble_gatt_on_ble_evt.str1.1
                0x000000000002b4f1       0x60 Output/ble_app_blinky_pca10040_s132 Release/Obj/nrf_ble_gatt.o
 .rodata.str1.1
                0x000000000002b551        0xd Output/ble_app_blinky_pca10040_s132 Release/Obj/nrf_ble_gatt.o
 .rodata        0x000000000002b55e       0x10 Output/ble_app_blinky_pca10040_s132 Release/Obj/ble_lbs.o
 .rodata        0x000000000002b56e        0x4 Output/ble_app_blinky_pca10040_s132 Release/Obj/nrf_sdh.o
 *fill*         0x000000000002b572        0x2 
 .rodata.sdh_req_observers
                0x000000000002b574        0xc Output/ble_app_blinky_pca10040_s132 Release/Obj/nrf_sdh.o
 .rodata.sdh_stack_observers
                0x000000000002b580        0xc Output/ble_app_blinky_pca10040_s132 Release/Obj/nrf_sdh.o
 .rodata.sdh_state_observers
                0x000000000002b58c        0xc Output/ble_app_blinky_pca10040_s132 Release/Obj/nrf_sdh.o
 .rodata.str1.1
                0x000000000002b598        0x8 Output/ble_app_blinky_pca10040_s132 Release/Obj/nrf_sdh.o
 .rodata.nrf_sdh_ble_default_cfg_set.str1.1
                0x000000000002b5a0      0x182 Output/ble_app_blinky_pca10040_s132 Release/Obj/nrf_sdh_ble.o
 .rodata.nrf_sdh_ble_enable.str1.1
                0x000000000002b722       0xa7 Output/ble_app_blinky_pca10040_s132 Release/Obj/nrf_sdh_ble.o
 *fill*         0x000000000002b7c9        0x3 
 .rodata.sdh_ble_observers
                0x000000000002b7cc        0xc Output/ble_app_blinky_pca10040_s132 Release/Obj/nrf_sdh_ble.o
 .rodata.str1.1
                0x000000000002b7d8        0xc Output/ble_app_blinky_pca10040_s132 Release/Obj/nrf_sdh_ble.o
 .rodata.sdh_soc_observers
                0x000000000002b7e4        0xc Output/ble_app_blinky_pca10040_s132 Release/Obj/nrf_sdh_soc.o
 .rodata.str1.1
                0x000000000002b7f0        0xc Output/ble_app_blinky_pca10040_s132 Release/Obj/nrf_sdh_soc.o
 .rodata.libc.__RAL_ascii_ctype_map
                0x000000000002b7fc       0x80 C:/Program Files/SEGGER/SEGGER Embedded Studio for ARM 4.22/lib/libc_v7em_fpv4_sp_d16_hard_t_le_eabi.a(libc2.o)
                0x000000000002b7fc                __RAL_ascii_ctype_map
 .rodata.libc.__RAL_ascii_ctype_mask
                0x000000000002b87c        0xd C:/Program Files/SEGGER/SEGGER Embedded Studio for ARM 4.22/lib/libc_v7em_fpv4_sp_d16_hard_t_le_eabi.a(libc2.o)
 *fill*         0x000000000002b889        0x3 